Archive member included to satisfy reference by file (symbol)

/root/Linux-Dev/Car-IV-Firmware/Tools/gcc-arm-none-eabi-10.3-2021.10/bin/../lib/gcc/arm-none-eabi/10.3.1/../../../../arm-none-eabi/lib/thumb/v7e-m+fp/hard/libc.a(lib_a-exit.o)
                              /root/Linux-Dev/Car-IV-Firmware/Tools/gcc-arm-none-eabi-10.3-2021.10/bin/../lib/gcc/arm-none-eabi/10.3.1/../../../../arm-none-eabi/lib/thumb/v7e-m+fp/hard/crt0.o (exit)
/root/Linux-Dev/Car-IV-Firmware/Tools/gcc-arm-none-eabi-10.3-2021.10/bin/../lib/gcc/arm-none-eabi/10.3.1/../../../../arm-none-eabi/lib/thumb/v7e-m+fp/hard/libc.a(lib_a-impure.o)
                              /root/Linux-Dev/Car-IV-Firmware/Tools/gcc-arm-none-eabi-10.3-2021.10/bin/../lib/gcc/arm-none-eabi/10.3.1/../../../../arm-none-eabi/lib/thumb/v7e-m+fp/hard/libc.a(lib_a-exit.o) (_global_impure_ptr)
/root/Linux-Dev/Car-IV-Firmware/Tools/gcc-arm-none-eabi-10.3-2021.10/bin/../lib/gcc/arm-none-eabi/10.3.1/../../../../arm-none-eabi/lib/thumb/v7e-m+fp/hard/libc.a(lib_a-init.o)
                              /root/Linux-Dev/Car-IV-Firmware/Tools/gcc-arm-none-eabi-10.3-2021.10/bin/../lib/gcc/arm-none-eabi/10.3.1/../../../../arm-none-eabi/lib/thumb/v7e-m+fp/hard/crt0.o (__libc_init_array)
/root/Linux-Dev/Car-IV-Firmware/Tools/gcc-arm-none-eabi-10.3-2021.10/bin/../lib/gcc/arm-none-eabi/10.3.1/../../../../arm-none-eabi/lib/thumb/v7e-m+fp/hard/libc.a(lib_a-memcpy.o)
                              build/queue.o (memcpy)
/root/Linux-Dev/Car-IV-Firmware/Tools/gcc-arm-none-eabi-10.3-2021.10/bin/../lib/gcc/arm-none-eabi/10.3.1/../../../../arm-none-eabi/lib/thumb/v7e-m+fp/hard/libc.a(lib_a-memset.o)
                              /root/Linux-Dev/Car-IV-Firmware/Tools/gcc-arm-none-eabi-10.3-2021.10/bin/../lib/gcc/arm-none-eabi/10.3.1/../../../../arm-none-eabi/lib/thumb/v7e-m+fp/hard/crt0.o (memset)
/root/Linux-Dev/Car-IV-Firmware/Tools/gcc-arm-none-eabi-10.3-2021.10/bin/../lib/gcc/arm-none-eabi/10.3.1/../../../../arm-none-eabi/lib/thumb/v7e-m+fp/hard/libc.a(lib_a-__call_atexit.o)
                              /root/Linux-Dev/Car-IV-Firmware/Tools/gcc-arm-none-eabi-10.3-2021.10/bin/../lib/gcc/arm-none-eabi/10.3.1/../../../../arm-none-eabi/lib/thumb/v7e-m+fp/hard/libc.a(lib_a-exit.o) (__call_exitprocs)
/root/Linux-Dev/Car-IV-Firmware/Tools/gcc-arm-none-eabi-10.3-2021.10/bin/../lib/gcc/arm-none-eabi/10.3.1/../../../../arm-none-eabi/lib/thumb/v7e-m+fp/hard/libc.a(lib_a-atexit.o)
                              /root/Linux-Dev/Car-IV-Firmware/Tools/gcc-arm-none-eabi-10.3-2021.10/bin/../lib/gcc/arm-none-eabi/10.3.1/../../../../arm-none-eabi/lib/thumb/v7e-m+fp/hard/libc.a(lib_a-__call_atexit.o) (atexit)
/root/Linux-Dev/Car-IV-Firmware/Tools/gcc-arm-none-eabi-10.3-2021.10/bin/../lib/gcc/arm-none-eabi/10.3.1/../../../../arm-none-eabi/lib/thumb/v7e-m+fp/hard/libc.a(lib_a-fini.o)
                              /root/Linux-Dev/Car-IV-Firmware/Tools/gcc-arm-none-eabi-10.3-2021.10/bin/../lib/gcc/arm-none-eabi/10.3.1/../../../../arm-none-eabi/lib/thumb/v7e-m+fp/hard/libc.a(lib_a-__call_atexit.o) (__libc_fini_array)
/root/Linux-Dev/Car-IV-Firmware/Tools/gcc-arm-none-eabi-10.3-2021.10/bin/../lib/gcc/arm-none-eabi/10.3.1/../../../../arm-none-eabi/lib/thumb/v7e-m+fp/hard/libc.a(lib_a-lock.o)
                              /root/Linux-Dev/Car-IV-Firmware/Tools/gcc-arm-none-eabi-10.3-2021.10/bin/../lib/gcc/arm-none-eabi/10.3.1/../../../../arm-none-eabi/lib/thumb/v7e-m+fp/hard/libc.a(lib_a-__call_atexit.o) (__retarget_lock_acquire_recursive)
/root/Linux-Dev/Car-IV-Firmware/Tools/gcc-arm-none-eabi-10.3-2021.10/bin/../lib/gcc/arm-none-eabi/10.3.1/../../../../arm-none-eabi/lib/thumb/v7e-m+fp/hard/libc.a(lib_a-__atexit.o)
                              /root/Linux-Dev/Car-IV-Firmware/Tools/gcc-arm-none-eabi-10.3-2021.10/bin/../lib/gcc/arm-none-eabi/10.3.1/../../../../arm-none-eabi/lib/thumb/v7e-m+fp/hard/libc.a(lib_a-atexit.o) (__register_exitproc)
/root/Linux-Dev/Car-IV-Firmware/Tools/gcc-arm-none-eabi-10.3-2021.10/bin/../lib/gcc/arm-none-eabi/10.3.1/thumb/v7e-m+fp/hard/libgcc.a(_aeabi_uldivmod.o)
                              build/stm32l4xx_hal_uart.o (__aeabi_uldivmod)
/root/Linux-Dev/Car-IV-Firmware/Tools/gcc-arm-none-eabi-10.3-2021.10/bin/../lib/gcc/arm-none-eabi/10.3.1/thumb/v7e-m+fp/hard/libgcc.a(_udivmoddi4.o)
                              /root/Linux-Dev/Car-IV-Firmware/Tools/gcc-arm-none-eabi-10.3-2021.10/bin/../lib/gcc/arm-none-eabi/10.3.1/thumb/v7e-m+fp/hard/libgcc.a(_aeabi_uldivmod.o) (__udivmoddi4)
/root/Linux-Dev/Car-IV-Firmware/Tools/gcc-arm-none-eabi-10.3-2021.10/bin/../lib/gcc/arm-none-eabi/10.3.1/thumb/v7e-m+fp/hard/libgcc.a(unwind-arm.o)
                              build/user.o (__aeabi_unwind_cpp_pr1)
/root/Linux-Dev/Car-IV-Firmware/Tools/gcc-arm-none-eabi-10.3-2021.10/bin/../lib/gcc/arm-none-eabi/10.3.1/thumb/v7e-m+fp/hard/libgcc.a(libunwind.o)
[...]
Memory Configuration

Name             Origin             Length             Attributes
RAM              0x0000000020000000 0x0000000000018000 xrw
RAM2             0x0000000010000000 0x0000000000008000 xrw
FLASH            0x0000000008000000 0x0000000000100000 xr
*default*        0x0000000000000000 0xffffffffffffffff

Linker script and memory map

LOAD /root/Linux-Dev/Car-IV-Firmware/Tools/gcc-arm-none-eabi-10.3-2021.10/bin/../lib/gcc/arm-none-eabi/10.3.1/thumb/v7e-m+fp/hard/crti.o
LOAD /root/Linux-Dev/Car-IV-Firmware/Tools/gcc-arm-none-eabi-10.3-2021.10/bin/../lib/gcc/arm-none-eabi/10.3.1/thumb/v7e-m+fp/hard/crtbegin.o
LOAD /root/Linux-Dev/Car-IV-Firmware/Tools/gcc-arm-none-eabi-10.3-2021.10/bin/../lib/gcc/arm-none-eabi/10.3.1/../../../../arm-none-eabi/lib/thumb/v7e-m+fp/hard/crt0.o
LOAD build/main.o
LOAD build/freertos.o
LOAD build/stm32l4xx_it.o
LOAD build/stm32l4xx_hal_msp.o
LOAD build/stm32l4xx_hal_timebase_tim.o
LOAD build/system_stm32l4xx.o
LOAD build/stm32l4xx_hal.o
LOAD build/stm32l4xx_hal_rcc.o
LOAD build/stm32l4xx_hal_rcc_ex.o
LOAD build/stm32l4xx_hal_flash.o
LOAD build/stm32l4xx_hal_flash_ex.o
LOAD build/stm32l4xx_hal_flash_ramfunc.o
LOAD build/stm32l4xx_hal_gpio.o
LOAD build/stm32l4xx_hal_dma.o
LOAD build/stm32l4xx_hal_dma_ex.o
LOAD build/stm32l4xx_hal_pwr.o
LOAD build/stm32l4xx_hal_pwr_ex.o
LOAD build/stm32l4xx_hal_cortex.o
LOAD build/stm32l4xx_hal_exti.o
LOAD build/stm32l4xx_hal_tim.o
LOAD build/stm32l4xx_hal_tim_ex.o
LOAD build/stm32l4xx_hal_uart.o
LOAD build/stm32l4xx_hal_uart_ex.o
LOAD build/croutine.o
LOAD build/event_groups.o
LOAD build/list.o
LOAD build/queue.o
LOAD build/stream_buffer.o
LOAD build/tasks.o
LOAD build/timers.o
LOAD build/cmsis_os2.o
LOAD build/heap_4.o
LOAD build/port.o
LOAD build/user.o
LOAD build/startup_stm32l476xx.o
LOAD /root/Linux-Dev/Car-IV-Firmware/Tools/gcc-arm-none-eabi-10.3-2021.10/bin/../lib/gcc/arm-none-eabi/10.3.1/../../../../arm-none-eabi/lib/thumb/v7e-m+fp/hard/libnosys.a
LOAD /root/Linux-Dev/Car-IV-Firmware/Tools/gcc-arm-none-eabi-10.3-2021.10/bin/../lib/gcc/arm-none-eabi/10.3.1/../../../../arm-none-eabi/lib/thumb/v7e-m+fp/hard/libstdc++.a
LOAD /root/Linux-Dev/Car-IV-Firmware/Tools/gcc-arm-none-eabi-10.3-2021.10/bin/../lib/gcc/arm-none-eabi/10.3.1/../../../../arm-none-eabi/lib/thumb/v7e-m+fp/hard/libm.a
LOAD /root/Linux-Dev/Car-IV-Firmware/Tools/gcc-arm-none-eabi-10.3-2021.10/bin/../lib/gcc/arm-none-eabi/10.3.1/../../../../arm-none-eabi/lib/thumb/v7e-m+fp/hard/libc.a
START GROUP
LOAD /root/Linux-Dev/Car-IV-Firmware/Tools/gcc-arm-none-eabi-10.3-2021.10/bin/../lib/gcc/arm-none-eabi/10.3.1/thumb/v7e-m+fp/hard/libgcc.a
LOAD /root/Linux-Dev/Car-IV-Firmware/Tools/gcc-arm-none-eabi-10.3-2021.10/bin/../lib/gcc/arm-none-eabi/10.3.1/../../../../arm-none-eabi/lib/thumb/v7e-m+fp/hard/libc.a
END GROUP
START GROUP
LOAD /root/Linux-Dev/Car-IV-Firmware/Tools/gcc-arm-none-eabi-10.3-2021.10/bin/../lib/gcc/arm-none-eabi/10.3.1/thumb/v7e-m+fp/hard/libgcc.a
LOAD /root/Linux-Dev/Car-IV-Firmware/Tools/gcc-arm-none-eabi-10.3-2021.10/bin/../lib/gcc/arm-none-eabi/10.3.1/../../../../arm-none-eabi/lib/thumb/v7e-m+fp/hard/libc.a
LOAD /root/Linux-Dev/Car-IV-Firmware/Tools/gcc-arm-none-eabi-10.3-2021.10/bin/../lib/gcc/arm-none-eabi/10.3.1/../../../../arm-none-eabi/lib/thumb/v7e-m+fp/hard/libnosys.a
END GROUP
LOAD /root/Linux-Dev/Car-IV-Firmware/Tools/gcc-arm-none-eabi-10.3-2021.10/bin/../lib/gcc/arm-none-eabi/10.3.1/thumb/v7e-m+fp/hard/crtend.o
LOAD /root/Linux-Dev/Car-IV-Firmware/Tools/gcc-arm-none-eabi-10.3-2021.10/bin/../lib/gcc/arm-none-eabi/10.3.1/thumb/v7e-m+fp/hard/crtn.o
                0x0000000020018000                _estack = (ORIGIN (RAM) + LENGTH (RAM))
                0x0000000000000200                _Min_Heap_Size = 0x200
                0x0000000000000400                _Min_Stack_Size = 0x400

.isr_vector     0x0000000008000000      0x188
                0x0000000008000000                . = ALIGN (0x8)
 *(.isr_vector)
 .isr_vector    0x0000000008000000      0x188 build/startup_stm32l476xx.o
                0x0000000008000000                g_pfnVectors
                0x0000000008000188                . = ALIGN (0x8)

.text           0x0000000008000190     0x53b0
                0x0000000008000190                . = ALIGN (0x8)
 *(.text)
 .text          0x0000000008000190       0x40 /root/Linux-Dev/Car-IV-Firmware/Tools/gcc-arm-none-eabi-10.3-2021.10/bin/../lib/gcc/arm-none-eabi/10.3.1/thumb/v7e-m+fp/hard/crtbegin.o
 .text          0x00000000080001d0      0x134 /root/Linux-Dev/Car-IV-Firmware/Tools/gcc-arm-none-eabi-10.3-2021.10/bin/../lib/gcc/arm-none-eabi/10.3.1/../../../../arm-none-eabi/lib/thumb/v7e-m+fp/hard/libc.a(lib_a-memcpy.o)
                0x00000000080001d0                memcpy
 .text          0x0000000008000304       0x30 /root/Linux-Dev/Car-IV-Firmware/Tools/gcc-arm-none-eabi-10.3-2021.10/bin/../lib/gcc/arm-none-eabi/10.3.1/thumb/v7e-m+fp/hard/libgcc.a(_aeabi_uldivmod.o)
                0x0000000008000304                __aeabi_uldivmod
 .text          0x0000000008000334      0x2d0 /root/Linux-Dev/Car-IV-Firmware/Tools/gcc-arm-none-eabi-10.3-2021.10/bin/../lib/gcc/arm-none-eabi/10.3.1/thumb/v7e-m+fp/hard/libgcc.a(_udivmoddi4.o)
                0x0000000008000334                __udivmoddi4
 .text          0x0000000008000604      0x9d8 /root/Linux-Dev/Car-IV-Firmware/Tools/gcc-arm-none-eabi-10.3-2021.10/bin/../lib/gcc/arm-none-eabi/10.3.1/thumb/v7e-m+fp/hard/libgcc.a(unwind-arm.o)
                0x00000000080008ac                _Unwind_GetCFA
                0x00000000080008b0                __gnu_Unwind_RaiseException
                0x0000000008000918                __gnu_Unwind_ForcedUnwind
                0x0000000008000928                __gnu_Unwind_Resume
                0x000000000800096c                __gnu_Unwind_Resume_or_Rethrow
                0x000000000800097c                _Unwind_Complete
                0x0000000008000980                _Unwind_DeleteException
                0x000000000800098c                _Unwind_VRS_Get
                0x00000000080009d8                _Unwind_VRS_Set
                0x0000000008000a20                __gnu_Unwind_Backtrace
                0x0000000008000d4c                __aeabi_unwind_cpp_pr0
                0x0000000008000d50                __aeabi_unwind_cpp_pr1
                0x0000000008000d54                __aeabi_unwind_cpp_pr2
                0x0000000008000d58                _Unwind_VRS_Pop
 .text          0x0000000008000fdc      0x1ac /root/Linux-Dev/Car-IV-Firmware/Tools/gcc-arm-none-eabi-10.3-2021.10/bin/../lib/gcc/arm-none-eabi/10.3.1/thumb/v7e-m+fp/hard/libgcc.a(libunwind.o)
                0x0000000008000fdc                __restore_core_regs
                0x0000000008000fdc                restore_core_regs
                0x0000000008000ff4                __gnu_Unwind_Restore_VFP
                0x0000000008000ffc                __gnu_Unwind_Save_VFP
                0x0000000008001004                __gnu_Unwind_Restore_VFP_D
                0x000000000800100c                __gnu_Unwind_Save_VFP_D
                0x0000000008001014                __gnu_Unwind_Restore_VFP_D_16_to_31
                0x000000000800101c                __gnu_Unwind_Save_VFP_D_16_to_31
                0x0000000008001024                __gnu_Unwind_Restore_WMMXD
                0x0000000008001068                __gnu_Unwind_Save_WMMXD
                0x00000000080010ac                __gnu_Unwind_Restore_WMMXC
                0x00000000080010c0                __gnu_Unwind_Save_WMMXC
                0x00000000080010d4                ___Unwind_RaiseException
                0x00000000080010d4                _Unwind_RaiseException
                0x00000000080010f8                ___Unwind_Resume
                0x00000000080010f8                _Unwind_Resume
                0x000000000800111c                _Unwind_Resume_or_Rethrow
                0x000000000800111c                ___Unwind_Resume_or_Rethrow
                0x0000000008001140                ___Unwind_ForcedUnwind
                0x0000000008001140                _Unwind_ForcedUnwind
                0x0000000008001164                _Unwind_Backtrace
                0x0000000008001164                ___Unwind_Backtrace
 .text          0x0000000008001188      0x350 /root/Linux-Dev/Car-IV-Firmware/Tools/gcc-arm-none-eabi-10.3-2021.10/bin/../lib/gcc/arm-none-eabi/10.3.1/thumb/v7e-m+fp/hard/libgcc.a(pr-support.o)
                0x00000000080011e0                __gnu_unwind_execute
                0x000000000800148c                __gnu_unwind_frame
                0x00000000080014b8                _Unwind_GetRegionStart
                0x00000000080014c4                _Unwind_GetLanguageSpecificData
 .text          0x00000000080014d8        0x4 /root/Linux-Dev/Car-IV-Firmware/Tools/gcc-arm-none-eabi-10.3-2021.10/bin/../lib/gcc/arm-none-eabi/10.3.1/thumb/v7e-m+fp/hard/libgcc.a(_dvmd_tls.o)
                0x00000000080014d8                __aeabi_ldiv0
                0x00000000080014d8                __aeabi_idiv0
 *(.text*)
 .text.MX_GPIO_Init
                0x00000000080014dc       0xa0 build/main.o
 .text.StartDefaultTask
                0x000000000800157c        0xa build/main.o
                0x000000000800157c                StartDefaultTask
 *fill*         0x0000000008001586        0x2 
 .text.HAL_TIM_PeriodElapsedCallback
                0x0000000008001588       0x18 build/main.o
                0x0000000008001588                HAL_TIM_PeriodElapsedCallback
 .text.Error_Handler
                0x00000000080015a0        0x4 build/main.o
                0x00000000080015a0                Error_Handler
 .text.MX_USART2_UART_Init
                0x00000000080015a4       0x38 build/main.o
 .text.SystemClock_Config
                0x00000000080015dc       0x7a build/main.o
                0x00000000080015dc                SystemClock_Config
 *fill*         0x0000000008001656        0x2 
 .text.main     0x0000000008001658       0x3c build/main.o
                0x0000000008001658                main
 .text.NMI_Handler
                0x0000000008001694        0x2 build/stm32l4xx_it.o
                0x0000000008001694                NMI_Handler
 .text.HardFault_Handler
                0x0000000008001696        0x2 build/stm32l4xx_it.o
                0x0000000008001696                HardFault_Handler
 .text.MemManage_Handler
                0x0000000008001698        0x2 build/stm32l4xx_it.o
                0x0000000008001698                MemManage_Handler
 .text.BusFault_Handler
                0x000000000800169a        0x2 build/stm32l4xx_it.o
                0x000000000800169a                BusFault_Handler
 .text.UsageFault_Handler
                0x000000000800169c        0x2 build/stm32l4xx_it.o
                0x000000000800169c                UsageFault_Handler
 .text.DebugMon_Handler
                0x000000000800169e        0x2 build/stm32l4xx_it.o
                0x000000000800169e                DebugMon_Handler
 .text.TIM1_TRG_COM_TIM17_IRQHandler
                0x00000000080016a0       0x10 build/stm32l4xx_it.o
                0x00000000080016a0                TIM1_TRG_COM_TIM17_IRQHandler
 .text.HAL_MspInit
                0x00000000080016b0       0x40 build/stm32l4xx_hal_msp.o
                0x00000000080016b0                HAL_MspInit
 .text.HAL_UART_MspInit
                0x00000000080016f0       0x88 build/stm32l4xx_hal_msp.o
                0x00000000080016f0                HAL_UART_MspInit
 .text.HAL_InitTick
                0x0000000008001778       0x94 build/stm32l4xx_hal_timebase_tim.o
                0x0000000008001778                HAL_InitTick
 .text.SystemInit
                0x000000000800180c       0x14 build/system_stm32l4xx.o
                0x000000000800180c                SystemInit
 .text.HAL_Init
                0x0000000008001820       0x2c build/stm32l4xx_hal.o
                0x0000000008001820                HAL_Init
 .text.HAL_IncTick
                0x000000000800184c       0x18 build/stm32l4xx_hal.o
                0x000000000800184c                HAL_IncTick
 .text.HAL_GetTick
                0x0000000008001864        0xc build/stm32l4xx_hal.o
                0x0000000008001864                HAL_GetTick
 .text.HAL_Delay
                0x0000000008001870       0x28 build/stm32l4xx_hal.o
                0x0000000008001870                HAL_Delay
 .text.RCC_SetFlashLatencyFromMSIRange
                0x0000000008001898       0x90 build/stm32l4xx_hal_rcc.o
 .text.HAL_RCC_GetSysClockFreq
                0x0000000008001928       0xb4 build/stm32l4xx_hal_rcc.o
                0x0000000008001928                HAL_RCC_GetSysClockFreq
 .text.HAL_RCC_OscConfig
                0x00000000080019dc      0x61c build/stm32l4xx_hal_rcc.o
                0x00000000080019dc                HAL_RCC_OscConfig
 .text.HAL_RCC_ClockConfig
                0x0000000008001ff8      0x188 build/stm32l4xx_hal_rcc.o
                0x0000000008001ff8                HAL_RCC_ClockConfig
 .text.HAL_RCC_GetHCLKFreq
                0x0000000008002180        0xc build/stm32l4xx_hal_rcc.o
                0x0000000008002180                HAL_RCC_GetHCLKFreq
 .text.HAL_RCC_GetPCLK1Freq
                0x000000000800218c       0x24 build/stm32l4xx_hal_rcc.o
                0x000000000800218c                HAL_RCC_GetPCLK1Freq
 .text.HAL_RCC_GetPCLK2Freq
                0x00000000080021b0       0x24 build/stm32l4xx_hal_rcc.o
                0x00000000080021b0                HAL_RCC_GetPCLK2Freq
 .text.HAL_RCC_GetClockConfig
                0x00000000080021d4       0x3c build/stm32l4xx_hal_rcc.o
                0x00000000080021d4                HAL_RCC_GetClockConfig
 .text.RCCEx_PLLSAI1_Config
                0x0000000008002210      0x170 build/stm32l4xx_hal_rcc_ex.o
 .text.RCCEx_PLLSAI2_Config
                0x0000000008002380      0x14c build/stm32l4xx_hal_rcc_ex.o
 .text.HAL_RCCEx_PeriphCLKConfig
                0x00000000080024cc      0x454 build/stm32l4xx_hal_rcc_ex.o
                0x00000000080024cc                HAL_RCCEx_PeriphCLKConfig
 .text.HAL_GPIO_Init
                0x0000000008002920      0x200 build/stm32l4xx_hal_gpio.o
                0x0000000008002920                HAL_GPIO_Init
 .text.HAL_GPIO_WritePin
                0x0000000008002b20        0xa build/stm32l4xx_hal_gpio.o
                0x0000000008002b20                HAL_GPIO_WritePin
 .text.HAL_GPIO_TogglePin
                0x0000000008002b2a       0x12 build/stm32l4xx_hal_gpio.o
                0x0000000008002b2a                HAL_GPIO_TogglePin
 .text.HAL_PWREx_GetVoltageRange
                0x0000000008002b3c       0x10 build/stm32l4xx_hal_pwr_ex.o
                0x0000000008002b3c                HAL_PWREx_GetVoltageRange
 .text.HAL_PWREx_ControlVoltageScaling
                0x0000000008002b4c       0x90 build/stm32l4xx_hal_pwr_ex.o
                0x0000000008002b4c                HAL_PWREx_ControlVoltageScaling
 .text.HAL_NVIC_SetPriorityGrouping
                0x0000000008002bdc       0x24 build/stm32l4xx_hal_cortex.o
                0x0000000008002bdc                HAL_NVIC_SetPriorityGrouping
 .text.HAL_NVIC_SetPriority
                0x0000000008002c00       0x70 build/stm32l4xx_hal_cortex.o
                0x0000000008002c00                HAL_NVIC_SetPriority
 .text.HAL_NVIC_EnableIRQ
                0x0000000008002c70       0x1c build/stm32l4xx_hal_cortex.o
                0x0000000008002c70                HAL_NVIC_EnableIRQ
 .text.HAL_TIM_Base_MspInit
                0x0000000008002c8c        0x2 build/stm32l4xx_hal_tim.o
                0x0000000008002c8c                HAL_TIM_Base_MspInit
 *fill*         0x0000000008002c8e        0x2 
 .text.HAL_TIM_Base_Start_IT
                0x0000000008002c90       0x8c build/stm32l4xx_hal_tim.o
                0x0000000008002c90                HAL_TIM_Base_Start_IT
 .text.HAL_TIM_OC_DelayElapsedCallback
                0x0000000008002d1c        0x2 build/stm32l4xx_hal_tim.o
                0x0000000008002d1c                HAL_TIM_OC_DelayElapsedCallback
 .text.HAL_TIM_IC_CaptureCallback
                0x0000000008002d1e        0x2 build/stm32l4xx_hal_tim.o
                0x0000000008002d1e                HAL_TIM_IC_CaptureCallback
 .text.HAL_TIM_PWM_PulseFinishedCallback
                0x0000000008002d20        0x2 build/stm32l4xx_hal_tim.o
                0x0000000008002d20                HAL_TIM_PWM_PulseFinishedCallback
 .text.HAL_TIM_TriggerCallback
                0x0000000008002d22        0x2 build/stm32l4xx_hal_tim.o
                0x0000000008002d22                HAL_TIM_TriggerCallback
 .text.HAL_TIM_IRQHandler
                0x0000000008002d24      0x19a build/stm32l4xx_hal_tim.o
                0x0000000008002d24                HAL_TIM_IRQHandler
 *fill*         0x0000000008002ebe        0x2 
 .text.TIM_Base_SetConfig
                0x0000000008002ec0       0xc8 build/stm32l4xx_hal_tim.o
                0x0000000008002ec0                TIM_Base_SetConfig
 .text.HAL_TIM_Base_Init
                0x0000000008002f88       0x60 build/stm32l4xx_hal_tim.o
                0x0000000008002f88                HAL_TIM_Base_Init
 .text.HAL_TIMEx_CommutCallback
                0x0000000008002fe8        0x2 build/stm32l4xx_hal_tim_ex.o
                0x0000000008002fe8                HAL_TIMEx_CommutCallback
 .text.HAL_TIMEx_BreakCallback
                0x0000000008002fea        0x2 build/stm32l4xx_hal_tim_ex.o
                0x0000000008002fea                HAL_TIMEx_BreakCallback
 .text.HAL_TIMEx_Break2Callback
                0x0000000008002fec        0x2 build/stm32l4xx_hal_tim_ex.o
                0x0000000008002fec                HAL_TIMEx_Break2Callback
 *fill*         0x0000000008002fee        0x2 
 .text.UART_SetConfig
                0x0000000008002ff0      0x328 build/stm32l4xx_hal_uart.o
                0x0000000008002ff0                UART_SetConfig
 .text.UART_AdvFeatureConfig
                0x0000000008003318       0xca build/stm32l4xx_hal_uart.o
                0x0000000008003318                UART_AdvFeatureConfig
 .text.UART_WaitOnFlagUntilTimeout
                0x00000000080033e2       0xd4 build/stm32l4xx_hal_uart.o
                0x00000000080033e2                UART_WaitOnFlagUntilTimeout
 .text.UART_CheckIdleState
                0x00000000080034b6       0x70 build/stm32l4xx_hal_uart.o
                0x00000000080034b6                UART_CheckIdleState
 .text.HAL_UART_Init
                0x0000000008003526       0x62 build/stm32l4xx_hal_uart.o
                0x0000000008003526                HAL_UART_Init
 .text.vListInitialise
                0x0000000008003588       0x16 build/list.o
                0x0000000008003588                vListInitialise
 .text.vListInitialiseItem
                0x000000000800359e        0x6 build/list.o
                0x000000000800359e                vListInitialiseItem
 .text.vListInsertEnd
                0x00000000080035a4       0x16 build/list.o
                0x00000000080035a4                vListInsertEnd
 .text.vListInsert
                0x00000000080035ba       0x32 build/list.o
                0x00000000080035ba                vListInsert
 .text.uxListRemove
                0x00000000080035ec       0x26 build/list.o
                0x00000000080035ec                uxListRemove
 .text.prvIsQueueFull
                0x0000000008003612       0x1e build/queue.o
 .text.prvIsQueueEmpty
                0x0000000008003630       0x1a build/queue.o
 .text.prvCopyDataToQueue
                0x000000000800364a       0x76 build/queue.o
 .text.prvCopyDataFromQueue
                0x00000000080036c0       0x24 build/queue.o
 .text.prvUnlockQueue
                0x00000000080036e4       0x6e build/queue.o
 .text.xQueueGenericReset
                0x0000000008003752       0x84 build/queue.o
                0x0000000008003752                xQueueGenericReset
 .text.prvInitialiseNewQueue
                0x00000000080037d6       0x22 build/queue.o
 .text.xQueueGenericCreateStatic
                0x00000000080037f8       0x94 build/queue.o
                0x00000000080037f8                xQueueGenericCreateStatic
 .text.xQueueGenericSend
                0x000000000800388c      0x188 build/queue.o
                0x000000000800388c                xQueueGenericSend
 .text.xQueueGenericSendFromISR
                0x0000000008003a14       0xce build/queue.o
                0x0000000008003a14                xQueueGenericSendFromISR
 .text.xQueueReceive
                0x0000000008003ae2      0x15e build/queue.o
                0x0000000008003ae2                xQueueReceive
 .text.vQueueAddToRegistry
                0x0000000008003c40       0x28 build/queue.o
                0x0000000008003c40                vQueueAddToRegistry
 .text.vQueueWaitForMessageRestricted
                0x0000000008003c68       0x52 build/queue.o
                0x0000000008003c68                vQueueWaitForMessageRestricted
 *fill*         0x0000000008003cba        0x2 
 .text.prvResetNextTaskUnblockTime
                0x0000000008003cbc       0x2c build/tasks.o
 .text.prvInitialiseNewTask
                0x0000000008003ce8       0xa6 build/tasks.o
 *fill*         0x0000000008003d8e        0x2 
 .text.prvInitialiseTaskLists
                0x0000000008003d90       0x68 build/tasks.o
 .text.prvAddNewTaskToReadyList
                0x0000000008003df8       0xac build/tasks.o
 .text.prvDeleteTCB
                0x0000000008003ea4       0x38 build/tasks.o
 .text.prvCheckTasksWaitingTermination
                0x0000000008003edc       0x4c build/tasks.o
 .text.prvIdleTask
                0x0000000008003f28       0x28 build/tasks.o
 .text.prvAddCurrentTaskToDelayedList
                0x0000000008003f50       0x7c build/tasks.o
 .text.xTaskCreateStatic
                0x0000000008003fcc       0x76 build/tasks.o
                0x0000000008003fcc                xTaskCreateStatic
 .text.xTaskCreate
                0x0000000008004042       0x68 build/tasks.o
                0x0000000008004042                xTaskCreate
 *fill*         0x00000000080040aa        0x2 
 .text.vTaskStartScheduler
                0x00000000080040ac       0x9c build/tasks.o
                0x00000000080040ac                vTaskStartScheduler
 .text.vTaskSuspendAll
                0x0000000008004148       0x10 build/tasks.o
                0x0000000008004148                vTaskSuspendAll
 .text.xTaskGetTickCount
                0x0000000008004158        0xc build/tasks.o
                0x0000000008004158                xTaskGetTickCount
 .text.xTaskIncrementTick
                0x0000000008004164      0x118 build/tasks.o
                0x0000000008004164                xTaskIncrementTick
 .text.xTaskResumeAll
                0x000000000800427c       0xf8 build/tasks.o
                0x000000000800427c                xTaskResumeAll
 .text.vTaskDelay
                0x0000000008004374       0x4c build/tasks.o
                0x0000000008004374                vTaskDelay
 .text.vTaskSwitchContext
                0x00000000080043c0       0x94 build/tasks.o
                0x00000000080043c0                vTaskSwitchContext
 .text.vTaskPlaceOnEventList
                0x0000000008004454       0x30 build/tasks.o
                0x0000000008004454                vTaskPlaceOnEventList
 .text.vTaskPlaceOnEventListRestricted
                0x0000000008004484       0x38 build/tasks.o
                0x0000000008004484                vTaskPlaceOnEventListRestricted
 .text.xTaskRemoveFromEventList
                0x00000000080044bc       0x8c build/tasks.o
                0x00000000080044bc                xTaskRemoveFromEventList
 .text.vTaskInternalSetTimeOutState
                0x0000000008004548       0x18 build/tasks.o
                0x0000000008004548                vTaskInternalSetTimeOutState
 .text.xTaskCheckForTimeOut
                0x0000000008004560       0x84 build/tasks.o
                0x0000000008004560                xTaskCheckForTimeOut
 .text.vTaskMissedYield
                0x00000000080045e4        0xc build/tasks.o
                0x00000000080045e4                vTaskMissedYield
 .text.xTaskGetSchedulerState
                0x00000000080045f0       0x20 build/tasks.o
                0x00000000080045f0                xTaskGetSchedulerState
 .text.xTaskPriorityDisinherit
                0x0000000008004610       0x90 build/tasks.o
                0x0000000008004610                xTaskPriorityDisinherit
 .text.prvGetNextExpireTime
                0x00000000080046a0       0x20 build/timers.o
 .text.prvInsertTimerInActiveList
                0x00000000080046c0       0x48 build/timers.o
 .text.prvCheckForValidListAndQueue
                0x0000000008004708       0x70 build/timers.o
 .text.xTimerCreateTimerTask
                0x0000000008004778       0x64 build/timers.o
                0x0000000008004778                xTimerCreateTimerTask
 .text.xTimerGenericCommand
                0x00000000080047dc       0x6c build/timers.o
                0x00000000080047dc                xTimerGenericCommand
 .text.prvSwitchTimerLists
                0x0000000008004848       0x7c build/timers.o
 .text.prvSampleTimeNow
                0x00000000080048c4       0x2c build/timers.o
 .text.prvProcessExpiredTimer
                0x00000000080048f0       0x6c build/timers.o
 .text.prvProcessTimerOrBlockTask
                0x000000000800495c       0x74 build/timers.o
 .text.prvProcessReceivedCommands
                0x00000000080049d0      0x10c build/timers.o
 .text.prvTimerTask
                0x0000000008004adc       0x16 build/timers.o
 .text.SysTick_Handler
                0x0000000008004af2       0x18 build/cmsis_os2.o
                0x0000000008004af2                SysTick_Handler
 *fill*         0x0000000008004b0a        0x2 
 .text.osKernelInitialize
                0x0000000008004b0c       0x24 build/cmsis_os2.o
                0x0000000008004b0c                osKernelInitialize
 .text.osKernelStart
                0x0000000008004b30       0x38 build/cmsis_os2.o
                0x0000000008004b30                osKernelStart
 .text.osThreadNew
                0x0000000008004b68       0xbc build/cmsis_os2.o
                0x0000000008004b68                osThreadNew
 .text.osDelay  0x0000000008004c24       0x1c build/cmsis_os2.o
                0x0000000008004c24                osDelay
 .text.vApplicationGetIdleTaskMemory
                0x0000000008004c40       0x18 build/cmsis_os2.o
                0x0000000008004c40                vApplicationGetIdleTaskMemory
 .text.vApplicationGetTimerTaskMemory
                0x0000000008004c58       0x18 build/cmsis_os2.o
                0x0000000008004c58                vApplicationGetTimerTaskMemory
 .text.prvHeapInit
                0x0000000008004c70       0x68 build/heap_4.o
 .text.prvInsertBlockIntoFreeList
                0x0000000008004cd8       0x64 build/heap_4.o
 .text.pvPortMalloc
                0x0000000008004d3c       0xfc build/heap_4.o
                0x0000000008004d3c                pvPortMalloc
 .text.vPortFree
                0x0000000008004e38       0x7c build/heap_4.o
                0x0000000008004e38                vPortFree
 .text.prvTaskExitError
                0x0000000008004eb4       0x40 build/port.o
 .text.prvPortStartFirstTask
                0x0000000008004ef4       0x28 build/port.o
 .text.vPortEnableVFP
                0x0000000008004f1c       0x14 build/port.o
 .text.pxPortInitialiseStack
                0x0000000008004f30       0x2c build/port.o
                0x0000000008004f30                pxPortInitialiseStack
 *fill*         0x0000000008004f5c        0x4 
 .text.SVC_Handler
                0x0000000008004f60       0x24 build/port.o
                0x0000000008004f60                SVC_Handler
 .text.vPortEnterCritical
                0x0000000008004f84       0x44 build/port.o
                0x0000000008004f84                vPortEnterCritical
 .text.vPortExitCritical
                0x0000000008004fc8       0x2c build/port.o
                0x0000000008004fc8                vPortExitCritical
 *fill*         0x0000000008004ff4        0xc 
 .text.PendSV_Handler
                0x0000000008005000       0x64 build/port.o
                0x0000000008005000                PendSV_Handler
 .text.xPortSysTickHandler
                0x0000000008005064       0x2c build/port.o
                0x0000000008005064                xPortSysTickHandler
 .text.vPortSetupTimerInterrupt
                0x0000000008005090       0x28 build/port.o
                0x0000000008005090                vPortSetupTimerInterrupt
 .text.xPortStartScheduler
                0x00000000080050b8      0x118 build/port.o
                0x00000000080050b8                xPortStartScheduler
 .text.vPortValidateInterruptPriority
                0x00000000080051d0       0x5c build/port.o
                0x00000000080051d0                vPortValidateInterruptPriority
 .text.CPP_UserSetup
                0x000000000800522c       0x16 build/user.o
                0x000000000800522c                CPP_UserSetup
 *fill*         0x0000000008005242        0x2 
 .text.Reset_Handler
                0x0000000008005244       0x50 build/startup_stm32l476xx.o
                0x0000000008005244                Reset_Handler
 .text.Default_Handler
                0x0000000008005294        0x2 build/startup_stm32l476xx.o
                0x0000000008005294                RTC_Alarm_IRQHandler
                0x0000000008005294                EXTI2_IRQHandler
                0x0000000008005294                TIM8_TRG_COM_IRQHandler
                0x0000000008005294                TIM8_CC_IRQHandler
                0x0000000008005294                TIM1_CC_IRQHandler
                0x0000000008005294                TSC_IRQHandler
                0x0000000008005294                TAMP_STAMP_IRQHandler
                0x0000000008005294                EXTI3_IRQHandler
                0x0000000008005294                LPTIM2_IRQHandler
                0x0000000008005294                DFSDM1_FLT1_IRQHandler
                0x0000000008005294                I2C3_ER_IRQHandler
                0x0000000008005294                DFSDM1_FLT2_IRQHandler
                0x0000000008005294                EXTI0_IRQHandler
                0x0000000008005294                I2C2_EV_IRQHandler
                0x0000000008005294                CAN1_RX0_IRQHandler
                0x0000000008005294                FPU_IRQHandler
                0x0000000008005294                TIM1_UP_TIM16_IRQHandler
                0x0000000008005294                ADC1_2_IRQHandler
                0x0000000008005294                SPI1_IRQHandler
                0x0000000008005294                TIM6_DAC_IRQHandler
                0x0000000008005294                TIM8_UP_IRQHandler
                0x0000000008005294                DMA2_Channel2_IRQHandler
                0x0000000008005294                DMA1_Channel4_IRQHandler
                0x0000000008005294                SAI2_IRQHandler
                0x0000000008005294                DFSDM1_FLT3_IRQHandler
                0x0000000008005294                USART3_IRQHandler
                0x0000000008005294                DMA1_Channel7_IRQHandler
                0x0000000008005294                CAN1_RX1_IRQHandler
                0x0000000008005294                LCD_IRQHandler
                0x0000000008005294                UART5_IRQHandler
                0x0000000008005294                ADC3_IRQHandler
                0x0000000008005294                TIM4_IRQHandler
                0x0000000008005294                DMA2_Channel1_IRQHandler
                0x0000000008005294                QUADSPI_IRQHandler
                0x0000000008005294                I2C1_EV_IRQHandler
                0x0000000008005294                DMA1_Channel6_IRQHandler
                0x0000000008005294                UART4_IRQHandler
                0x0000000008005294                DMA2_Channel4_IRQHandler
                0x0000000008005294                TIM3_IRQHandler
                0x0000000008005294                RCC_IRQHandler
                0x0000000008005294                DMA1_Channel1_IRQHandler
                0x0000000008005294                Default_Handler
                0x0000000008005294                DMA2_Channel7_IRQHandler
                0x0000000008005294                EXTI15_10_IRQHandler
                0x0000000008005294                TIM7_IRQHandler
                0x0000000008005294                SDMMC1_IRQHandler
                0x0000000008005294                TIM5_IRQHandler
                0x0000000008005294                I2C3_EV_IRQHandler
                0x0000000008005294                EXTI9_5_IRQHandler
                0x0000000008005294                RTC_WKUP_IRQHandler
                0x0000000008005294                PVD_PVM_IRQHandler
                0x0000000008005294                SPI2_IRQHandler
                0x0000000008005294                CAN1_TX_IRQHandler
                0x0000000008005294                DMA2_Channel5_IRQHandler
                0x0000000008005294                DMA1_Channel5_IRQHandler
                0x0000000008005294                EXTI4_IRQHandler
                0x0000000008005294                RNG_IRQHandler
                0x0000000008005294                DMA1_Channel3_IRQHandler
                0x0000000008005294                COMP_IRQHandler
                0x0000000008005294                WWDG_IRQHandler
                0x0000000008005294                LPUART1_IRQHandler
                0x0000000008005294                DMA2_Channel6_IRQHandler
                0x0000000008005294                TIM2_IRQHandler
                0x0000000008005294                EXTI1_IRQHandler
                0x0000000008005294                USART2_IRQHandler
                0x0000000008005294                DFSDM1_FLT0_IRQHandler
                0x0000000008005294                I2C2_ER_IRQHandler
                0x0000000008005294                DMA1_Channel2_IRQHandler
                0x0000000008005294                TIM8_BRK_IRQHandler
                0x0000000008005294                CAN1_SCE_IRQHandler
                0x0000000008005294                FLASH_IRQHandler
                0x0000000008005294                USART1_IRQHandler
                0x0000000008005294                OTG_FS_IRQHandler
                0x0000000008005294                SPI3_IRQHandler
                0x0000000008005294                I2C1_ER_IRQHandler
                0x0000000008005294                FMC_IRQHandler
                0x0000000008005294                SWPMI1_IRQHandler
                0x0000000008005294                LPTIM1_IRQHandler
                0x0000000008005294                SAI1_IRQHandler
                0x0000000008005294                DMA2_Channel3_IRQHandler
                0x0000000008005294                TIM1_BRK_TIM15_IRQHandler
 *fill*         0x0000000008005296        0x2 
 .text.__libc_init_array
                0x0000000008005298       0x48 /root/Linux-Dev/Car-IV-Firmware/Tools/gcc-arm-none-eabi-10.3-2021.10/bin/../lib/gcc/arm-none-eabi/10.3.1/../../../../arm-none-eabi/lib/thumb/v7e-m+fp/hard/libc.a(lib_a-init.o)
                0x0000000008005298                __libc_init_array
 .text.memset   0x00000000080052e0       0xa4 /root/Linux-Dev/Car-IV-Firmware/Tools/gcc-arm-none-eabi-10.3-2021.10/bin/../lib/gcc/arm-none-eabi/10.3.1/../../../../arm-none-eabi/lib/thumb/v7e-m+fp/hard/libc.a(lib_a-memset.o)
                0x00000000080052e0                memset
 .text.startup.register_fini
                0x0000000008005384       0x14 /root/Linux-Dev/Car-IV-Firmware/Tools/gcc-arm-none-eabi-10.3-2021.10/bin/../lib/gcc/arm-none-eabi/10.3.1/../../../../arm-none-eabi/lib/thumb/v7e-m+fp/hard/libc.a(lib_a-__call_atexit.o)
 .text.atexit   0x0000000008005398        0xc /root/Linux-Dev/Car-IV-Firmware/Tools/gcc-arm-none-eabi-10.3-2021.10/bin/../lib/gcc/arm-none-eabi/10.3.1/../../../../arm-none-eabi/lib/thumb/v7e-m+fp/hard/libc.a(lib_a-atexit.o)
                0x0000000008005398                atexit
 .text.__libc_fini_array
                0x00000000080053a4       0x2c /root/Linux-Dev/Car-IV-Firmware/Tools/gcc-arm-none-eabi-10.3-2021.10/bin/../lib/gcc/arm-none-eabi/10.3.1/../../../../arm-none-eabi/lib/thumb/v7e-m+fp/hard/libc.a(lib_a-fini.o)
                0x00000000080053a4                __libc_fini_array
 .text.__retarget_lock_acquire_recursive
                0x00000000080053d0        0x4 /root/Linux-Dev/Car-IV-Firmware/Tools/gcc-arm-none-eabi-10.3-2021.10/bin/../lib/gcc/arm-none-eabi/10.3.1/../../../../arm-none-eabi/lib/thumb/v7e-m+fp/hard/libc.a(lib_a-lock.o)
                0x00000000080053d0                __retarget_lock_acquire_recursive
 .text.__retarget_lock_release_recursive
                0x00000000080053d4        0x4 /root/Linux-Dev/Car-IV-Firmware/Tools/gcc-arm-none-eabi-10.3-2021.10/bin/../lib/gcc/arm-none-eabi/10.3.1/../../../../arm-none-eabi/lib/thumb/v7e-m+fp/hard/libc.a(lib_a-lock.o)
                0x00000000080053d4                __retarget_lock_release_recursive
 .text.__register_exitproc
                0x00000000080053d8       0x8c /root/Linux-Dev/Car-IV-Firmware/Tools/gcc-arm-none-eabi-10.3-2021.10/bin/../lib/gcc/arm-none-eabi/10.3.1/../../../../arm-none-eabi/lib/thumb/v7e-m+fp/hard/libc.a(lib_a-__atexit.o)
                0x00000000080053d8                __register_exitproc
 .text.abort    0x0000000008005464       0x10 /root/Linux-Dev/Car-IV-Firmware/Tools/gcc-arm-none-eabi-10.3-2021.10/bin/../lib/gcc/arm-none-eabi/10.3.1/../../../../arm-none-eabi/lib/thumb/v7e-m+fp/hard/libc.a(lib_a-abort.o)
                0x0000000008005464                abort
 .text.raise    0x0000000008005474       0x5c /root/Linux-Dev/Car-IV-Firmware/Tools/gcc-arm-none-eabi-10.3-2021.10/bin/../lib/gcc/arm-none-eabi/10.3.1/../../../../arm-none-eabi/lib/thumb/v7e-m+fp/hard/libc.a(lib_a-signal.o)
                0x0000000008005474                raise
 .text._kill_r  0x00000000080054d0       0x2c /root/Linux-Dev/Car-IV-Firmware/Tools/gcc-arm-none-eabi-10.3-2021.10/bin/../lib/gcc/arm-none-eabi/10.3.1/../../../../arm-none-eabi/lib/thumb/v7e-m+fp/hard/libc.a(lib_a-signalr.o)
                0x00000000080054d0                _kill_r
 .text._getpid_r
                0x00000000080054fc        0x4 /root/Linux-Dev/Car-IV-Firmware/Tools/gcc-arm-none-eabi-10.3-2021.10/bin/../lib/gcc/arm-none-eabi/10.3.1/../../../../arm-none-eabi/lib/thumb/v7e-m+fp/hard/libc.a(lib_a-signalr.o)
                0x00000000080054fc                _getpid_r
 .text._getpid  0x0000000008005500       0x10 /root/Linux-Dev/Car-IV-Firmware/Tools/gcc-arm-none-eabi-10.3-2021.10/bin/../lib/gcc/arm-none-eabi/10.3.1/../../../../arm-none-eabi/lib/thumb/v7e-m+fp/hard/libnosys.a(getpid.o)
                0x0000000008005500                _getpid
 .text._kill    0x0000000008005510       0x10 /root/Linux-Dev/Car-IV-Firmware/Tools/gcc-arm-none-eabi-10.3-2021.10/bin/../lib/gcc/arm-none-eabi/10.3.1/../../../../arm-none-eabi/lib/thumb/v7e-m+fp/hard/libnosys.a(kill.o)
                0x0000000008005510                _kill
 .text._exit    0x0000000008005520        0x4 /root/Linux-Dev/Car-IV-Firmware/Tools/gcc-arm-none-eabi-10.3-2021.10/bin/../lib/gcc/arm-none-eabi/10.3.1/../../../../arm-none-eabi/lib/thumb/v7e-m+fp/hard/libnosys.a(_exit.o)
                0x0000000008005520                _exit
 *(.glue_7)
 .glue_7        0x0000000008005524        0x0 linker stubs
 *(.glue_7t)
 .glue_7t       0x0000000008005524        0x0 linker stubs
 *(.eh_frame)
 .eh_frame      0x0000000008005524        0x0 /root/Linux-Dev/Car-IV-Firmware/Tools/gcc-arm-none-eabi-10.3-2021.10/bin/../lib/gcc/arm-none-eabi/10.3.1/thumb/v7e-m+fp/hard/crtbegin.o
 *(.init)
 .init          0x0000000008005524        0x4 /root/Linux-Dev/Car-IV-Firmware/Tools/gcc-arm-none-eabi-10.3-2021.10/bin/../lib/gcc/arm-none-eabi/10.3.1/thumb/v7e-m+fp/hard/crti.o
                0x0000000008005524                _init
 .init          0x0000000008005528        0x8 /root/Linux-Dev/Car-IV-Firmware/Tools/gcc-arm-none-eabi-10.3-2021.10/bin/../lib/gcc/arm-none-eabi/10.3.1/thumb/v7e-m+fp/hard/crtn.o
 *(.fini)
 .fini          0x0000000008005530        0x4 /root/Linux-Dev/Car-IV-Firmware/Tools/gcc-arm-none-eabi-10.3-2021.10/bin/../lib/gcc/arm-none-eabi/10.3.1/thumb/v7e-m+fp/hard/crti.o
                0x0000000008005530                _fini
 .fini          0x0000000008005534        0x8 /root/Linux-Dev/Car-IV-Firmware/Tools/gcc-arm-none-eabi-10.3-2021.10/bin/../lib/gcc/arm-none-eabi/10.3.1/thumb/v7e-m+fp/hard/crtn.o
                0x0000000008005540                . = ALIGN (0x8)
 *fill*         0x000000000800553c        0x4 
                0x0000000008005540                _etext = .

.vfp11_veneer   0x0000000008005540        0x0
 .vfp11_veneer  0x0000000008005540        0x0 linker stubs

.v4_bx          0x0000000008005540        0x0
 .v4_bx         0x0000000008005540        0x0 linker stubs

.iplt           0x0000000008005540        0x0
 .iplt          0x0000000008005540        0x0 /root/Linux-Dev/Car-IV-Firmware/Tools/gcc-arm-none-eabi-10.3-2021.10/bin/../lib/gcc/arm-none-eabi/10.3.1/thumb/v7e-m+fp/hard/crtbegin.o

.rodata         0x0000000008005540       0x98
                0x0000000008005540                . = ALIGN (0x8)
 *(.rodata)
 *(.rodata*)
 .rodata.str1.4
                0x0000000008005540        0xc build/main.o
 .rodata.defaultTask_attributes
                0x000000000800554c       0x24 build/main.o
                0x000000000800554c                defaultTask_attributes
 .rodata.AHBPrescTable
                0x0000000008005570       0x10 build/system_stm32l4xx.o
                0x0000000008005570                AHBPrescTable
 .rodata.APBPrescTable
                0x0000000008005580        0x8 build/system_stm32l4xx.o
                0x0000000008005580                APBPrescTable
 .rodata.MSIRangeTable
                0x0000000008005588       0x30 build/system_stm32l4xx.o
                0x0000000008005588                MSIRangeTable
 .rodata.vTaskStartScheduler.str1.4
                0x00000000080055b8        0x5 build/tasks.o
 *fill*         0x00000000080055bd        0x3 
 .rodata.prvCheckForValidListAndQueue.str1.4
                0x00000000080055c0        0x5 build/timers.o
 *fill*         0x00000000080055c5        0x3 
 .rodata.xTimerCreateTimerTask.str1.4
                0x00000000080055c8        0x8 build/timers.o
 .rodata._global_impure_ptr
                0x00000000080055d0        0x4 /root/Linux-Dev/Car-IV-Firmware/Tools/gcc-arm-none-eabi-10.3-2021.10/bin/../lib/gcc/arm-none-eabi/10.3.1/../../../../arm-none-eabi/lib/thumb/v7e-m+fp/hard/libc.a(lib_a-impure.o)
                0x00000000080055d0                _global_impure_ptr
                0x00000000080055d8                . = ALIGN (0x8)
 *fill*         0x00000000080055d4        0x4 

.ARM.extab      0x00000000080055d8       0x28
                0x00000000080055d8                . = ALIGN (0x8)
 *(.ARM.extab* .gnu.linkonce.armextab.*)
 .ARM.extab.text.CPP_UserSetup
                0x00000000080055d8        0xc build/user.o
 .ARM.extab     0x00000000080055e4       0x18 /root/Linux-Dev/Car-IV-Firmware/Tools/gcc-arm-none-eabi-10.3-2021.10/bin/../lib/gcc/arm-none-eabi/10.3.1/thumb/v7e-m+fp/hard/libgcc.a(pr-support.o)
                0x0000000008005600                . = ALIGN (0x8)
 *fill*         0x00000000080055fc        0x4 

.ARM            0x0000000008005600       0xc8
                0x0000000008005600                . = ALIGN (0x8)
                0x0000000008005600                __exidx_start = .
 *(.ARM.exidx*)
 .ARM.exidx.text.CPP_UserSetup
                0x00000000080056b8       0x10 build/user.o
                                          0x8 (size before relaxing)
 .ARM.exidx     0x0000000008005600        0x8 /root/Linux-Dev/Car-IV-Firmware/Tools/gcc-arm-none-eabi-10.3-2021.10/bin/../lib/gcc/arm-none-eabi/10.3.1/thumb/v7e-m+fp/hard/libgcc.a(_udivmoddi4.o)
 .ARM.exidx     0x0000000008005608       0x78 /root/Linux-Dev/Car-IV-Firmware/Tools/gcc-arm-none-eabi-10.3-2021.10/bin/../lib/gcc/arm-none-eabi/10.3.1/thumb/v7e-m+fp/hard/libgcc.a(unwind-arm.o)
                                         0xd8 (size before relaxing)
 .ARM.exidx     0x0000000008005680       0x38 /root/Linux-Dev/Car-IV-Firmware/Tools/gcc-arm-none-eabi-10.3-2021.10/bin/../lib/gcc/arm-none-eabi/10.3.1/thumb/v7e-m+fp/hard/libgcc.a(pr-support.o)
                0x00000000080056c8                __exidx_end = .
                0x00000000080056c8                . = ALIGN (0x8)

.rel.dyn        0x00000000080056c8        0x0
 .rel.iplt      0x00000000080056c8        0x0 /root/Linux-Dev/Car-IV-Firmware/Tools/gcc-arm-none-eabi-10.3-2021.10/bin/../lib/gcc/arm-none-eabi/10.3.1/thumb/v7e-m+fp/hard/crtbegin.o

.preinit_array  0x00000000080056c8        0x0
                0x00000000080056c8                . = ALIGN (0x8)
                0x00000000080056c8                PROVIDE (__preinit_array_start = .)
 *(.preinit_array*)
                0x00000000080056c8                PROVIDE (__preinit_array_end = .)
                0x00000000080056c8                . = ALIGN (0x8)

.init_array     0x00000000080056c8        0x8
                0x00000000080056c8                . = ALIGN (0x8)
                0x00000000080056c8                PROVIDE (__init_array_start = .)
 *(SORT_BY_NAME(.init_array.*))
 .init_array.00000
                0x00000000080056c8        0x4 /root/Linux-Dev/Car-IV-Firmware/Tools/gcc-arm-none-eabi-10.3-2021.10/bin/../lib/gcc/arm-none-eabi/10.3.1/../../../../arm-none-eabi/lib/thumb/v7e-m+fp/hard/libc.a(lib_a-__call_atexit.o)
 *(.init_array*)
 .init_array    0x00000000080056cc        0x4 /root/Linux-Dev/Car-IV-Firmware/Tools/gcc-arm-none-eabi-10.3-2021.10/bin/../lib/gcc/arm-none-eabi/10.3.1/thumb/v7e-m+fp/hard/crtbegin.o
                0x00000000080056d0                PROVIDE (__init_array_end = .)
                0x00000000080056d0                . = ALIGN (0x8)

.fini_array     0x00000000080056d0        0x8
                0x00000000080056d0                . = ALIGN (0x8)
                0x00000000080056d0                PROVIDE (__fini_array_start = .)
 *(SORT_BY_NAME(.fini_array.*))
 *(.fini_array*)
 .fini_array    0x00000000080056d0        0x4 /root/Linux-Dev/Car-IV-Firmware/Tools/gcc-arm-none-eabi-10.3-2021.10/bin/../lib/gcc/arm-none-eabi/10.3.1/thumb/v7e-m+fp/hard/crtbegin.o
                0x00000000080056d4                PROVIDE (__fini_array_end = .)
                0x00000000080056d8                . = ALIGN (0x8)
 *fill*         0x00000000080056d4        0x4 
                0x00000000080056d8                _sidata = LOADADDR (.data)

.data           0x0000000020000000      0x448 load address 0x00000000080056d8
                0x0000000020000000                . = ALIGN (0x8)
                0x0000000020000000                _sdata = .
 *(.data)
 *(.data*)
 .data.SystemCoreClock
                0x0000000020000000        0x4 build/system_stm32l4xx.o
                0x0000000020000000                SystemCoreClock
 .data.uwTickFreq
                0x0000000020000004        0x1 build/stm32l4xx_hal.o
                0x0000000020000004                uwTickFreq
 *fill*         0x0000000020000005        0x3 
 .data.uwTickPrio
                0x0000000020000008        0x4 build/stm32l4xx_hal.o
                0x0000000020000008                uwTickPrio
 .data.uxCriticalNesting
                0x000000002000000c        0x4 build/port.o
 .data._impure_ptr
                0x0000000020000010        0x4 /root/Linux-Dev/Car-IV-Firmware/Tools/gcc-arm-none-eabi-10.3-2021.10/bin/../lib/gcc/arm-none-eabi/10.3.1/../../../../arm-none-eabi/lib/thumb/v7e-m+fp/hard/libc.a(lib_a-impure.o)
                0x0000000020000010                _impure_ptr
 *fill*         0x0000000020000014        0x4 
 .data.impure_data
                0x0000000020000018      0x428 /root/Linux-Dev/Car-IV-Firmware/Tools/gcc-arm-none-eabi-10.3-2021.10/bin/../lib/gcc/arm-none-eabi/10.3.1/../../../../arm-none-eabi/lib/thumb/v7e-m+fp/hard/libc.a(lib_a-impure.o)
 .data.__atexit_recursive_mutex
                0x0000000020000440        0x4 /root/Linux-Dev/Car-IV-Firmware/Tools/gcc-arm-none-eabi-10.3-2021.10/bin/../lib/gcc/arm-none-eabi/10.3.1/../../../../arm-none-eabi/lib/thumb/v7e-m+fp/hard/libc.a(lib_a-__call_atexit.o)
                0x0000000020000440                __atexit_recursive_mutex
                0x0000000020000448                . = ALIGN (0x8)
 *fill*         0x0000000020000444        0x4 
                0x0000000020000448                _edata = .

.igot.plt       0x0000000020000448        0x0 load address 0x0000000008005b20
 .igot.plt      0x0000000020000448        0x0 /root/Linux-Dev/Car-IV-Firmware/Tools/gcc-arm-none-eabi-10.3-2021.10/bin/../lib/gcc/arm-none-eabi/10.3.1/thumb/v7e-m+fp/hard/crtbegin.o
                0x0000000020000448                . = ALIGN (0x4)

.bss            0x0000000020000448     0x1a04 load address 0x0000000008005b20
                0x0000000020000448                _sbss = .
                0x0000000020000448                __bss_start__ = _sbss
 *(.bss)
 .bss           0x0000000020000448       0x1c /root/Linux-Dev/Car-IV-Firmware/Tools/gcc-arm-none-eabi-10.3-2021.10/bin/../lib/gcc/arm-none-eabi/10.3.1/thumb/v7e-m+fp/hard/crtbegin.o
 *(.bss*)
 .bss.defaultTaskHandle
                0x0000000020000464        0x4 build/main.o
                0x0000000020000464                defaultTaskHandle
 .bss.huart2    0x0000000020000468       0x84 build/main.o
                0x0000000020000468                huart2
 .bss.htim17    0x00000000200004ec       0x4c build/stm32l4xx_hal_timebase_tim.o
                0x00000000200004ec                htim17
 .bss.uwTick    0x0000000020000538        0x4 build/stm32l4xx_hal.o
                0x0000000020000538                uwTick
 .bss.xQueueRegistry
                0x000000002000053c       0x40 build/queue.o
                0x000000002000053c                xQueueRegistry
 .bss.pxCurrentTCB
                0x000000002000057c        0x4 build/tasks.o
                0x000000002000057c                pxCurrentTCB
 .bss.pxDelayedTaskList
                0x0000000020000580        0x4 build/tasks.o
 .bss.pxOverflowDelayedTaskList
                0x0000000020000584        0x4 build/tasks.o
 .bss.pxReadyTasksLists
                0x0000000020000588      0x460 build/tasks.o
 .bss.uxCurrentNumberOfTasks
                0x00000000200009e8        0x4 build/tasks.o
 .bss.uxDeletedTasksWaitingCleanUp
                0x00000000200009ec        0x4 build/tasks.o
 .bss.uxSchedulerSuspended
                0x00000000200009f0        0x4 build/tasks.o
 .bss.uxTaskNumber
                0x00000000200009f4        0x4 build/tasks.o
 .bss.uxTopReadyPriority
                0x00000000200009f8        0x4 build/tasks.o
 .bss.xDelayedTaskList1
                0x00000000200009fc       0x14 build/tasks.o
 .bss.xDelayedTaskList2
                0x0000000020000a10       0x14 build/tasks.o
 .bss.xIdleTaskHandle
                0x0000000020000a24        0x4 build/tasks.o
 .bss.xNextTaskUnblockTime
                0x0000000020000a28        0x4 build/tasks.o
 .bss.xNumOfOverflows
                0x0000000020000a2c        0x4 build/tasks.o
 .bss.xPendedTicks
                0x0000000020000a30        0x4 build/tasks.o
 .bss.xPendingReadyList
                0x0000000020000a34       0x14 build/tasks.o
 .bss.xSchedulerRunning
                0x0000000020000a48        0x4 build/tasks.o
 .bss.xSuspendedTaskList
                0x0000000020000a4c       0x14 build/tasks.o
 .bss.xTasksWaitingTermination
                0x0000000020000a60       0x14 build/tasks.o
 .bss.xTickCount
                0x0000000020000a74        0x4 build/tasks.o
 .bss.xYieldPending
                0x0000000020000a78        0x4 build/tasks.o
 .bss.pxCurrentTimerList
                0x0000000020000a7c        0x4 build/timers.o
 .bss.pxOverflowTimerList
                0x0000000020000a80        0x4 build/timers.o
 .bss.ucStaticTimerQueueStorage.1
                0x0000000020000a84       0xa0 build/timers.o
 .bss.xActiveTimerList1
                0x0000000020000b24       0x14 build/timers.o
 .bss.xActiveTimerList2
                0x0000000020000b38       0x14 build/timers.o
 .bss.xLastTime.2
                0x0000000020000b4c        0x4 build/timers.o
 .bss.xStaticTimerQueue.0
                0x0000000020000b50       0x50 build/timers.o
 .bss.xTimerQueue
                0x0000000020000ba0        0x4 build/timers.o
 .bss.xTimerTaskHandle
                0x0000000020000ba4        0x4 build/timers.o
 .bss.Idle_Stack.2
                0x0000000020000ba8      0x200 build/cmsis_os2.o
 .bss.Idle_TCB.3
                0x0000000020000da8       0x5c build/cmsis_os2.o
 .bss.KernelState
                0x0000000020000e04        0x4 build/cmsis_os2.o
 .bss.Timer_Stack.0
                0x0000000020000e08      0x400 build/cmsis_os2.o
 .bss.Timer_TCB.1
                0x0000000020001208       0x5c build/cmsis_os2.o
 .bss.pxEnd     0x0000000020001264        0x4 build/heap_4.o
 .bss.ucHeap    0x0000000020001268      0xbb8 build/heap_4.o
 .bss.xBlockAllocatedBit
                0x0000000020001e20        0x4 build/heap_4.o
 .bss.xFreeBytesRemaining
                0x0000000020001e24        0x4 build/heap_4.o
 .bss.xMinimumEverFreeBytesRemaining
                0x0000000020001e28        0x4 build/heap_4.o
 .bss.xNumberOfSuccessfulAllocations
                0x0000000020001e2c        0x4 build/heap_4.o
 .bss.xNumberOfSuccessfulFrees
                0x0000000020001e30        0x4 build/heap_4.o
 .bss.xStart    0x0000000020001e34        0x8 build/heap_4.o
 .bss.ucMaxSysCallPriority
                0x0000000020001e3c        0x1 build/port.o
 *fill*         0x0000000020001e3d        0x3 
 .bss.ulMaxPRIGROUPValue
                0x0000000020001e40        0x4 build/port.o
 .bss.__lock___atexit_recursive_mutex
                0x0000000020001e44        0x1 /root/Linux-Dev/Car-IV-Firmware/Tools/gcc-arm-none-eabi-10.3-2021.10/bin/../lib/gcc/arm-none-eabi/10.3.1/../../../../arm-none-eabi/lib/thumb/v7e-m+fp/hard/libc.a(lib_a-lock.o)
                0x0000000020001e44                __lock___atexit_recursive_mutex
 *fill*         0x0000000020001e45        0x3 
 .bss.errno     0x0000000020001e48        0x4 /root/Linux-Dev/Car-IV-Firmware/Tools/gcc-arm-none-eabi-10.3-2021.10/bin/../lib/gcc/arm-none-eabi/10.3.1/../../../../arm-none-eabi/lib/thumb/v7e-m+fp/hard/libc.a(lib_a-reent.o)
                0x0000000020001e48                errno
 *(COMMON)
                0x0000000020001e4c                . = ALIGN (0x4)
                0x0000000020001e4c                _ebss = .
                0x0000000020001e4c                __bss_end__ = _ebss

._user_heap_stack
                0x0000000020001e4c      0x604 load address 0x0000000008005b20
                0x0000000020001e50                . = ALIGN (0x8)
 *fill*         0x0000000020001e4c        0x4 
                0x0000000020001e50                PROVIDE (end = .)
                [!provide]                        PROVIDE (_end = .)
                0x0000000020002050                . = (. + _Min_Heap_Size)
 *fill*         0x0000000020001e50      0x200 
                0x0000000020002450                . = (. + _Min_Stack_Size)
 *fill*         0x0000000020002050      0x400 
                0x0000000020002450                . = ALIGN (0x8)

/DISCARD/
 libc.a(*)
 libm.a(*)
 libgcc.a(*)

.ARM.attributes
                0x0000000000000000       0x30
 *(.ARM.attributes)
 .ARM.attributes
                0x0000000000000000       0x1e /root/Linux-Dev/Car-IV-Firmware/Tools/gcc-arm-none-eabi-10.3-2021.10/bin/../lib/gcc/arm-none-eabi/10.3.1/thumb/v7e-m+fp/hard/crti.o
 .ARM.attributes
                0x000000000000001e       0x34 /root/Linux-Dev/Car-IV-Firmware/Tools/gcc-arm-none-eabi-10.3-2021.10/bin/../lib/gcc/arm-none-eabi/10.3.1/thumb/v7e-m+fp/hard/crtbegin.o
 .ARM.attributes
                0x0000000000000052       0x34 build/main.o
 .ARM.attributes
                0x0000000000000086       0x34 build/stm32l4xx_it.o
 .ARM.attributes
                0x00000000000000ba       0x34 build/stm32l4xx_hal_msp.o
 .ARM.attributes
                0x00000000000000ee       0x34 build/stm32l4xx_hal_timebase_tim.o
 .ARM.attributes
                0x0000000000000122       0x34 build/system_stm32l4xx.o
 .ARM.attributes
                0x0000000000000156       0x34 build/stm32l4xx_hal.o
 .ARM.attributes
                0x000000000000018a       0x34 build/stm32l4xx_hal_rcc.o
 .ARM.attributes
                0x00000000000001be       0x34 build/stm32l4xx_hal_rcc_ex.o
 .ARM.attributes
                0x00000000000001f2       0x34 build/stm32l4xx_hal_gpio.o
 .ARM.attributes
                0x0000000000000226       0x34 build/stm32l4xx_hal_pwr_ex.o
 .ARM.attributes
                0x000000000000025a       0x34 build/stm32l4xx_hal_cortex.o
 .ARM.attributes
                0x000000000000028e       0x34 build/stm32l4xx_hal_tim.o
 .ARM.attributes
                0x00000000000002c2       0x34 build/stm32l4xx_hal_tim_ex.o
 .ARM.attributes
                0x00000000000002f6       0x34 build/stm32l4xx_hal_uart.o
 .ARM.attributes
                0x000000000000032a       0x34 build/list.o
 .ARM.attributes
                0x000000000000035e       0x34 build/queue.o
 .ARM.attributes
                0x0000000000000392       0x34 build/tasks.o
 .ARM.attributes
                0x00000000000003c6       0x34 build/timers.o
 .ARM.attributes
                0x00000000000003fa       0x34 build/cmsis_os2.o
 .ARM.attributes
                0x000000000000042e       0x34 build/heap_4.o
 .ARM.attributes
                0x0000000000000462       0x34 build/port.o
 .ARM.attributes
                0x0000000000000496       0x34 build/user.o
 .ARM.attributes
                0x00000000000004ca       0x21 build/startup_stm32l476xx.o
 .ARM.attributes
                0x00000000000004eb       0x34 /root/Linux-Dev/Car-IV-Firmware/Tools/gcc-arm-none-eabi-10.3-2021.10/bin/../lib/gcc/arm-none-eabi/10.3.1/../../../../arm-none-eabi/lib/thumb/v7e-m+fp/hard/libc.a(lib_a-impure.o)
 .ARM.attributes
                0x000000000000051f       0x34 /root/Linux-Dev/Car-IV-Firmware/Tools/gcc-arm-none-eabi-10.3-2021.10/bin/../lib/gcc/arm-none-eabi/10.3.1/../../../../arm-none-eabi/lib/thumb/v7e-m+fp/hard/libc.a(lib_a-init.o)
 .ARM.attributes
                0x0000000000000553       0x1c /root/Linux-Dev/Car-IV-Firmware/Tools/gcc-arm-none-eabi-10.3-2021.10/bin/../lib/gcc/arm-none-eabi/10.3.1/../../../../arm-none-eabi/lib/thumb/v7e-m+fp/hard/libc.a(lib_a-memcpy.o)
 .ARM.attributes
                0x000000000000056f       0x34 /root/Linux-Dev/Car-IV-Firmware/Tools/gcc-arm-none-eabi-10.3-2021.10/bin/../lib/gcc/arm-none-eabi/10.3.1/../../../../arm-none-eabi/lib/thumb/v7e-m+fp/hard/libc.a(lib_a-memset.o)
 .ARM.attributes
                0x00000000000005a3       0x34 /root/Linux-Dev/Car-IV-Firmware/Tools/gcc-arm-none-eabi-10.3-2021.10/bin/../lib/gcc/arm-none-eabi/10.3.1/../../../../arm-none-eabi/lib/thumb/v7e-m+fp/hard/libc.a(lib_a-__call_atexit.o)
 .ARM.attributes
                0x00000000000005d7       0x34 /root/Linux-Dev/Car-IV-Firmware/Tools/gcc-arm-none-eabi-10.3-2021.10/bin/../lib/gcc/arm-none-eabi/10.3.1/../../../../arm-none-eabi/lib/thumb/v7e-m+fp/hard/libc.a(lib_a-atexit.o)
 .ARM.attributes
                0x000000000000060b       0x34 /root/Linux-Dev/Car-IV-Firmware/Tools/gcc-arm-none-eabi-10.3-2021.10/bin/../lib/gcc/arm-none-eabi/10.3.1/../../../../arm-none-eabi/lib/thumb/v7e-m+fp/hard/libc.a(lib_a-fini.o)
 .ARM.attributes
                0x000000000000063f       0x34 /root/Linux-Dev/Car-IV-Firmware/Tools/gcc-arm-none-eabi-10.3-2021.10/bin/../lib/gcc/arm-none-eabi/10.3.1/../../../../arm-none-eabi/lib/thumb/v7e-m+fp/hard/libc.a(lib_a-lock.o)
 .ARM.attributes
                0x0000000000000673       0x34 /root/Linux-Dev/Car-IV-Firmware/Tools/gcc-arm-none-eabi-10.3-2021.10/bin/../lib/gcc/arm-none-eabi/10.3.1/../../../../arm-none-eabi/lib/thumb/v7e-m+fp/hard/libc.a(lib_a-__atexit.o)
 .ARM.attributes
                0x00000000000006a7       0x1e /root/Linux-Dev/Car-IV-Firmware/Tools/gcc-arm-none-eabi-10.3-2021.10/bin/../lib/gcc/arm-none-eabi/10.3.1/thumb/v7e-m+fp/hard/libgcc.a(_aeabi_uldivmod.o)
 .ARM.attributes
                0x00000000000006c5       0x34 /root/Linux-Dev/Car-IV-Firmware/Tools/gcc-arm-none-eabi-10.3-2021.10/bin/../lib/gcc/arm-none-eabi/10.3.1/thumb/v7e-m+fp/hard/libgcc.a(_udivmoddi4.o)
 .ARM.attributes
                0x00000000000006f9       0x34 /root/Linux-Dev/Car-IV-Firmware/Tools/gcc-arm-none-eabi-10.3-2021.10/bin/../lib/gcc/arm-none-eabi/10.3.1/thumb/v7e-m+fp/hard/libgcc.a(unwind-arm.o)
 .ARM.attributes
                0x000000000000072d       0x1e /root/Linux-Dev/Car-IV-Firmware/Tools/gcc-arm-none-eabi-10.3-2021.10/bin/../lib/gcc/arm-none-eabi/10.3.1/thumb/v7e-m+fp/hard/libgcc.a(libunwind.o)
 .ARM.attributes
                0x000000000000074b       0x34 /root/Linux-Dev/Car-IV-Firmware/Tools/gcc-arm-none-eabi-10.3-2021.10/bin/../lib/gcc/arm-none-eabi/10.3.1/thumb/v7e-m+fp/hard/libgcc.a(pr-support.o)
 .ARM.attributes
                0x000000000000077f       0x1e /root/Linux-Dev/Car-IV-Firmware/Tools/gcc-arm-none-eabi-10.3-2021.10/bin/../lib/gcc/arm-none-eabi/10.3.1/thumb/v7e-m+fp/hard/libgcc.a(_dvmd_tls.o)
 .ARM.attributes
                0x000000000000079d       0x34 /root/Linux-Dev/Car-IV-Firmware/Tools/gcc-arm-none-eabi-10.3-2021.10/bin/../lib/gcc/arm-none-eabi/10.3.1/../../../../arm-none-eabi/lib/thumb/v7e-m+fp/hard/libc.a(lib_a-abort.o)
 .ARM.attributes
                0x00000000000007d1       0x34 /root/Linux-Dev/Car-IV-Firmware/Tools/gcc-arm-none-eabi-10.3-2021.10/bin/../lib/gcc/arm-none-eabi/10.3.1/../../../../arm-none-eabi/lib/thumb/v7e-m+fp/hard/libc.a(lib_a-signal.o)
 .ARM.attributes
                0x0000000000000805       0x34 /root/Linux-Dev/Car-IV-Firmware/Tools/gcc-arm-none-eabi-10.3-2021.10/bin/../lib/gcc/arm-none-eabi/10.3.1/../../../../arm-none-eabi/lib/thumb/v7e-m+fp/hard/libc.a(lib_a-signalr.o)
 .ARM.attributes
                0x0000000000000839       0x34 /root/Linux-Dev/Car-IV-Firmware/Tools/gcc-arm-none-eabi-10.3-2021.10/bin/../lib/gcc/arm-none-eabi/10.3.1/../../../../arm-none-eabi/lib/thumb/v7e-m+fp/hard/libc.a(lib_a-reent.o)
 .ARM.attributes
                0x000000000000086d       0x34 /root/Linux-Dev/Car-IV-Firmware/Tools/gcc-arm-none-eabi-10.3-2021.10/bin/../lib/gcc/arm-none-eabi/10.3.1/../../../../arm-none-eabi/lib/thumb/v7e-m+fp/hard/libnosys.a(getpid.o)
 .ARM.attributes
                0x00000000000008a1       0x34 /root/Linux-Dev/Car-IV-Firmware/Tools/gcc-arm-none-eabi-10.3-2021.10/bin/../lib/gcc/arm-none-eabi/10.3.1/../../../../arm-none-eabi/lib/thumb/v7e-m+fp/hard/libnosys.a(kill.o)
 .ARM.attributes
                0x00000000000008d5       0x34 /root/Linux-Dev/Car-IV-Firmware/Tools/gcc-arm-none-eabi-10.3-2021.10/bin/../lib/gcc/arm-none-eabi/10.3.1/../../../../arm-none-eabi/lib/thumb/v7e-m+fp/hard/libnosys.a(_exit.o)
 .ARM.attributes
                0x0000000000000909       0x1e /root/Linux-Dev/Car-IV-Firmware/Tools/gcc-arm-none-eabi-10.3-2021.10/bin/../lib/gcc/arm-none-eabi/10.3.1/thumb/v7e-m+fp/hard/crtn.o
OUTPUT(build/nucleol476rg-base.elf elf32-littlearm)
LOAD linker stubs
LOAD /root/Linux-Dev/Car-IV-Firmware/Tools/gcc-arm-none-eabi-10.3-2021.10/bin/../lib/gcc/arm-none-eabi/10.3.1/../../../../arm-none-eabi/lib/thumb/v7e-m+fp/hard/libc.a
LOAD /root/Linux-Dev/Car-IV-Firmware/Tools/gcc-arm-none-eabi-10.3-2021.10/bin/../lib/gcc/arm-none-eabi/10.3.1/../../../../arm-none-eabi/lib/thumb/v7e-m+fp/hard/libm.a
LOAD /root/Linux-Dev/Car-IV-Firmware/Tools/gcc-arm-none-eabi-10.3-2021.10/bin/../lib/gcc/arm-none-eabi/10.3.1/thumb/v7e-m+fp/hard/libgcc.a

.debug_info     0x0000000000000000    0x22a09
 .debug_info    0x0000000000000000     0x16fe build/main.o
 .debug_info    0x00000000000016fe      0x7cf build/stm32l4xx_it.o
 .debug_info    0x0000000000001ecd     0x1174 build/stm32l4xx_hal_msp.o
 .debug_info    0x0000000000003041      0xe16 build/stm32l4xx_hal_timebase_tim.o
 .debug_info    0x0000000000003e57      0x671 build/system_stm32l4xx.o
 .debug_info    0x00000000000044c8      0xe26 build/stm32l4xx_hal.o
 .debug_info    0x00000000000052ee     0x108c build/stm32l4xx_hal_rcc.o
 .debug_info    0x000000000000637a     0x13d5 build/stm32l4xx_hal_rcc_ex.o
 .debug_info    0x000000000000774f      0x91b build/stm32l4xx_hal_gpio.o
 .debug_info    0x000000000000806a      0xbcc build/stm32l4xx_hal_pwr_ex.o
 .debug_info    0x0000000000008c36     0x117a build/stm32l4xx_hal_cortex.o
 .debug_info    0x0000000000009db0     0x4203 build/stm32l4xx_hal_tim.o
 .debug_info    0x000000000000dfb3     0x1ed2 build/stm32l4xx_hal_tim_ex.o
 .debug_info    0x000000000000fe85     0x53dd build/stm32l4xx_hal_uart.o
 .debug_info    0x0000000000015262      0x30f build/list.o
 .debug_info    0x0000000000015571     0x2968 build/queue.o
 .debug_info    0x0000000000017ed9     0x333f build/tasks.o
 .debug_info    0x000000000001b218     0x1bd3 build/timers.o
 .debug_info    0x000000000001cdeb     0x4e23 build/cmsis_os2.o
 .debug_info    0x0000000000021c0e      0x61a build/heap_4.o
 .debug_info    0x0000000000022228      0x5c8 build/port.o
 .debug_info    0x00000000000227f0      0x1f7 build/user.o
 .debug_info    0x00000000000229e7       0x22 build/startup_stm32l476xx.o

.debug_abbrev   0x0000000000000000     0x37cd
 .debug_abbrev  0x0000000000000000      0x29d build/main.o
 .debug_abbrev  0x000000000000029d      0x17c build/stm32l4xx_it.o
 .debug_abbrev  0x0000000000000419      0x1d7 build/stm32l4xx_hal_msp.o
 .debug_abbrev  0x00000000000005f0      0x202 build/stm32l4xx_hal_timebase_tim.o
 .debug_abbrev  0x00000000000007f2      0x11b build/system_stm32l4xx.o
 .debug_abbrev  0x000000000000090d      0x249 build/stm32l4xx_hal.o
 .debug_abbrev  0x0000000000000b56      0x28e build/stm32l4xx_hal_rcc.o
 .debug_abbrev  0x0000000000000de4      0x2b0 build/stm32l4xx_hal_rcc_ex.o
 .debug_abbrev  0x0000000000001094      0x222 build/stm32l4xx_hal_gpio.o
 .debug_abbrev  0x00000000000012b6      0x234 build/stm32l4xx_hal_pwr_ex.o
 .debug_abbrev  0x00000000000014ea      0x382 build/stm32l4xx_hal_cortex.o
 .debug_abbrev  0x000000000000186c      0x289 build/stm32l4xx_hal_tim.o
 .debug_abbrev  0x0000000000001af5      0x29f build/stm32l4xx_hal_tim_ex.o
 .debug_abbrev  0x0000000000001d94      0x316 build/stm32l4xx_hal_uart.o
 .debug_abbrev  0x00000000000020aa      0x124 build/list.o
 .debug_abbrev  0x00000000000021ce      0x3c4 build/queue.o
 .debug_abbrev  0x0000000000002592      0x387 build/tasks.o
 .debug_abbrev  0x0000000000002919      0x366 build/timers.o
 .debug_abbrev  0x0000000000002c7f      0x559 build/cmsis_os2.o
 .debug_abbrev  0x00000000000031d8      0x269 build/heap_4.o
 .debug_abbrev  0x0000000000003441      0x28a build/port.o
 .debug_abbrev  0x00000000000036cb       0xf0 build/user.o
 .debug_abbrev  0x00000000000037bb       0x12 build/startup_stm32l476xx.o

.debug_loc      0x0000000000000000    0x1e9fb
 .debug_loc     0x0000000000000000      0x165 build/main.o
 .debug_loc     0x0000000000000165       0x20 build/stm32l4xx_it.o
 .debug_loc     0x0000000000000185      0x102 build/stm32l4xx_hal_msp.o
 .debug_loc     0x0000000000000287       0xf8 build/stm32l4xx_hal_timebase_tim.o
 .debug_loc     0x000000000000037f      0x127 build/system_stm32l4xx.o
 .debug_loc     0x00000000000004a6      0x2af build/stm32l4xx_hal.o
 .debug_loc     0x0000000000000755      0x9ac build/stm32l4xx_hal_rcc.o
 .debug_loc     0x0000000000001101     0x1cf1 build/stm32l4xx_hal_rcc_ex.o
 .debug_loc     0x0000000000002df2      0x496 build/stm32l4xx_hal_gpio.o
 .debug_loc     0x0000000000003288      0xb66 build/stm32l4xx_hal_pwr_ex.o
 .debug_loc     0x0000000000003dee      0x7a4 build/stm32l4xx_hal_cortex.o
 .debug_loc     0x0000000000004592     0x6139 build/stm32l4xx_hal_tim.o
 .debug_loc     0x000000000000a6cb     0x2900 build/stm32l4xx_hal_tim_ex.o
 .debug_loc     0x000000000000cfcb     0x52ef build/stm32l4xx_hal_uart.o
 .debug_loc     0x00000000000122ba       0xe5 build/list.o
 .debug_loc     0x000000000001239f     0x1fe4 build/queue.o
 .debug_loc     0x0000000000014383     0x2c72 build/tasks.o
 .debug_loc     0x0000000000016ff5     0x1586 build/timers.o
 .debug_loc     0x000000000001857b     0x5dbc build/cmsis_os2.o
 .debug_loc     0x000000000001e337      0x4e4 build/heap_4.o
 .debug_loc     0x000000000001e81b      0x1c0 build/port.o
 .debug_loc     0x000000000001e9db       0x20 build/user.o

.debug_aranges  0x0000000000000000     0x15e0
 .debug_aranges
                0x0000000000000000       0x50 build/main.o
 .debug_aranges
                0x0000000000000050       0x50 build/stm32l4xx_it.o
 .debug_aranges
                0x00000000000000a0       0x30 build/stm32l4xx_hal_msp.o
 .debug_aranges
                0x00000000000000d0       0x30 build/stm32l4xx_hal_timebase_tim.o
 .debug_aranges
                0x0000000000000100       0x28 build/system_stm32l4xx.o
 .debug_aranges
                0x0000000000000128      0x130 build/stm32l4xx_hal.o
 .debug_aranges
                0x0000000000000258       0x90 build/stm32l4xx_hal_rcc.o
 .debug_aranges
                0x00000000000002e8       0xc0 build/stm32l4xx_hal_rcc_ex.o
 .debug_aranges
                0x00000000000003a8       0x58 build/stm32l4xx_hal_gpio.o
 .debug_aranges
                0x0000000000000400      0x160 build/stm32l4xx_hal_pwr_ex.o
 .debug_aranges
                0x0000000000000560       0xa8 build/stm32l4xx_hal_cortex.o
 .debug_aranges
                0x0000000000000608      0x3e0 build/stm32l4xx_hal_tim.o
 .debug_aranges
                0x00000000000009e8      0x180 build/stm32l4xx_hal_tim_ex.o
 .debug_aranges
                0x0000000000000b68      0x228 build/stm32l4xx_hal_uart.o
 .debug_aranges
                0x0000000000000d90       0x40 build/list.o
 .debug_aranges
                0x0000000000000dd0      0x158 build/queue.o
 .debug_aranges
                0x0000000000000f28      0x208 build/tasks.o
 .debug_aranges
                0x0000000000001130       0xf0 build/timers.o
 .debug_aranges
                0x0000000000001220      0x2a0 build/cmsis_os2.o
 .debug_aranges
                0x00000000000014c0       0x58 build/heap_4.o
 .debug_aranges
                0x0000000000001518       0x80 build/port.o
 .debug_aranges
                0x0000000000001598       0x20 build/user.o
 .debug_aranges
                0x00000000000015b8       0x28 build/startup_stm32l476xx.o

.debug_ranges   0x0000000000000000     0x1760
 .debug_ranges  0x0000000000000000       0x40 build/main.o
 .debug_ranges  0x0000000000000040       0x40 build/stm32l4xx_it.o
 .debug_ranges  0x0000000000000080       0x20 build/stm32l4xx_hal_msp.o
 .debug_ranges  0x00000000000000a0       0x20 build/stm32l4xx_hal_timebase_tim.o
 .debug_ranges  0x00000000000000c0       0x18 build/system_stm32l4xx.o
 .debug_ranges  0x00000000000000d8      0x120 build/stm32l4xx_hal.o
 .debug_ranges  0x00000000000001f8       0x98 build/stm32l4xx_hal_rcc.o
 .debug_ranges  0x0000000000000290       0xc8 build/stm32l4xx_hal_rcc_ex.o
 .debug_ranges  0x0000000000000358       0x48 build/stm32l4xx_hal_gpio.o
 .debug_ranges  0x00000000000003a0      0x150 build/stm32l4xx_hal_pwr_ex.o
 .debug_ranges  0x00000000000004f0       0xf8 build/stm32l4xx_hal_cortex.o
 .debug_ranges  0x00000000000005e8      0x3d0 build/stm32l4xx_hal_tim.o
 .debug_ranges  0x00000000000009b8      0x170 build/stm32l4xx_hal_tim_ex.o
 .debug_ranges  0x0000000000000b28      0x230 build/stm32l4xx_hal_uart.o
 .debug_ranges  0x0000000000000d58       0x30 build/list.o
 .debug_ranges  0x0000000000000d88      0x218 build/queue.o
 .debug_ranges  0x0000000000000fa0      0x338 build/tasks.o
 .debug_ranges  0x00000000000012d8       0xe0 build/timers.o
 .debug_ranges  0x00000000000013b8      0x2a8 build/cmsis_os2.o
 .debug_ranges  0x0000000000001660       0x48 build/heap_4.o
 .debug_ranges  0x00000000000016a8       0x88 build/port.o
 .debug_ranges  0x0000000000001730       0x10 build/user.o
 .debug_ranges  0x0000000000001740       0x20 build/startup_stm32l476xx.o

.debug_line     0x0000000000000000    0x1b90a
 .debug_line    0x0000000000000000      0x54c build/main.o
 .debug_line    0x000000000000054c      0x2bb build/stm32l4xx_it.o
 .debug_line    0x0000000000000807      0x32a build/stm32l4xx_hal_msp.o
 .debug_line    0x0000000000000b31      0x30d build/stm32l4xx_hal_timebase_tim.o
 .debug_line    0x0000000000000e3e      0x2d0 build/system_stm32l4xx.o
 .debug_line    0x000000000000110e      0x6eb build/stm32l4xx_hal.o
 .debug_line    0x00000000000017f9      0xf3b build/stm32l4xx_hal_rcc.o
 .debug_line    0x0000000000002734     0x156e build/stm32l4xx_hal_rcc_ex.o
 .debug_line    0x0000000000003ca2      0x711 build/stm32l4xx_hal_gpio.o
 .debug_line    0x00000000000043b3      0xb2e build/stm32l4xx_hal_pwr_ex.o
 .debug_line    0x0000000000004ee1      0x7c5 build/stm32l4xx_hal_cortex.o
 .debug_line    0x00000000000056a6     0x5287 build/stm32l4xx_hal_tim.o
 .debug_line    0x000000000000a92d     0x1fb3 build/stm32l4xx_hal_tim_ex.o
 .debug_line    0x000000000000c8e0     0x52bd build/stm32l4xx_hal_uart.o
 .debug_line    0x0000000000011b9d      0x3a4 build/list.o
 .debug_line    0x0000000000011f41     0x20a7 build/queue.o
 .debug_line    0x0000000000013fe8     0x2e09 build/tasks.o
 .debug_line    0x0000000000016df1      0xf7d build/timers.o
 .debug_line    0x0000000000017d6e     0x2a5c build/cmsis_os2.o
 .debug_line    0x000000000001a7ca      0x78f build/heap_4.o
 .debug_line    0x000000000001af59      0x748 build/port.o
 .debug_line    0x000000000001b6a1      0x1f3 build/user.o
 .debug_line    0x000000000001b894       0x76 build/startup_stm32l476xx.o

.debug_str      0x0000000000000000     0x7d71
 .debug_str     0x0000000000000000     0x1114 build/main.o
                                       0x120a (size before relaxing)
 .debug_str     0x0000000000001114       0xb5 build/stm32l4xx_it.o
                                        0x72e (size before relaxing)
 .debug_str     0x00000000000011c9      0x7ed build/stm32l4xx_hal_msp.o
                                        0xf9f (size before relaxing)
 .debug_str     0x00000000000019b6      0x113 build/stm32l4xx_hal_timebase_tim.o
                                        0xe5c (size before relaxing)
 .debug_str     0x0000000000001ac9       0xef build/system_stm32l4xx.o
                                        0x3c5 (size before relaxing)
 .debug_str     0x0000000000001bb8      0x4c1 build/stm32l4xx_hal.o
                                        0xd53 (size before relaxing)
 .debug_str     0x0000000000002079      0x239 build/stm32l4xx_hal_rcc.o
                                        0x895 (size before relaxing)
 .debug_str     0x00000000000022b2      0x348 build/stm32l4xx_hal_rcc_ex.o
                                        0xab4 (size before relaxing)
 .debug_str     0x00000000000025fa       0xe2 build/stm32l4xx_hal_gpio.o
                                        0x539 (size before relaxing)
 .debug_str     0x00000000000026dc      0x4f0 build/stm32l4xx_hal_pwr_ex.o
                                        0x848 (size before relaxing)
 .debug_str     0x0000000000002bcc      0x43c build/stm32l4xx_hal_cortex.o
                                        0xc19 (size before relaxing)
 .debug_str     0x0000000000003008      0xf2a build/stm32l4xx_hal_tim.o
                                       0x16cc (size before relaxing)
 .debug_str     0x0000000000003f32      0x6a8 build/stm32l4xx_hal_tim_ex.o
                                        0xfd5 (size before relaxing)
 .debug_str     0x00000000000045da      0x7dd build/stm32l4xx_hal_uart.o
                                        0xfe5 (size before relaxing)
 .debug_str     0x0000000000004db7      0x15a build/list.o
                                        0x2fb (size before relaxing)
 .debug_str     0x0000000000004f11      0xa37 build/queue.o
                                        0xd11 (size before relaxing)
 .debug_str     0x0000000000005948      0xca2 build/tasks.o
                                       0x12e0 (size before relaxing)
 .debug_str     0x00000000000065ea      0x5e5 build/timers.o
                                        0xc41 (size before relaxing)
 .debug_str     0x0000000000006bcf      0xc4e build/cmsis_os2.o
                                       0x2141 (size before relaxing)
 .debug_str     0x000000000000781d      0x2cc build/heap_4.o
                                        0x509 (size before relaxing)
 .debug_str     0x0000000000007ae9      0x18a build/port.o
                                        0x47b (size before relaxing)
 .debug_str     0x0000000000007c73       0xda build/user.o
                                        0x226 (size before relaxing)
 .debug_str     0x0000000000007d4d       0x24 build/startup_stm32l476xx.o
                                         0x56 (size before relaxing)

.comment        0x0000000000000000       0x49
 .comment       0x0000000000000000       0x49 build/main.o
                                         0x4a (size before relaxing)
 .comment       0x0000000000000049       0x4a build/stm32l4xx_it.o
 .comment       0x0000000000000049       0x4a build/stm32l4xx_hal_msp.o
 .comment       0x0000000000000049       0x4a build/stm32l4xx_hal_timebase_tim.o
 .comment       0x0000000000000049       0x4a build/system_stm32l4xx.o
 .comment       0x0000000000000049       0x4a build/stm32l4xx_hal.o
 .comment       0x0000000000000049       0x4a build/stm32l4xx_hal_rcc.o
 .comment       0x0000000000000049       0x4a build/stm32l4xx_hal_rcc_ex.o
 .comment       0x0000000000000049       0x4a build/stm32l4xx_hal_gpio.o
 .comment       0x0000000000000049       0x4a build/stm32l4xx_hal_pwr_ex.o
 .comment       0x0000000000000049       0x4a build/stm32l4xx_hal_cortex.o
 .comment       0x0000000000000049       0x4a build/stm32l4xx_hal_tim.o
 .comment       0x0000000000000049       0x4a build/stm32l4xx_hal_tim_ex.o
 .comment       0x0000000000000049       0x4a build/stm32l4xx_hal_uart.o
 .comment       0x0000000000000049       0x4a build/list.o
 .comment       0x0000000000000049       0x4a build/queue.o
 .comment       0x0000000000000049       0x4a build/tasks.o
 .comment       0x0000000000000049       0x4a build/timers.o
 .comment       0x0000000000000049       0x4a build/cmsis_os2.o
 .comment       0x0000000000000049       0x4a build/heap_4.o
 .comment       0x0000000000000049       0x4a build/port.o
 .comment       0x0000000000000049       0x4a build/user.o

.debug_frame    0x0000000000000000     0x44a8
 .debug_frame   0x0000000000000000       0xc0 build/main.o
 .debug_frame   0x00000000000000c0       0x88 build/stm32l4xx_it.o
 .debug_frame   0x0000000000000148       0x68 build/stm32l4xx_hal_msp.o
 .debug_frame   0x00000000000001b0       0x54 build/stm32l4xx_hal_timebase_tim.o
 .debug_frame   0x0000000000000204       0x30 build/system_stm32l4xx.o
 .debug_frame   0x0000000000000234      0x274 build/stm32l4xx_hal.o
 .debug_frame   0x00000000000004a8      0x19c build/stm32l4xx_hal_rcc.o
 .debug_frame   0x0000000000000644      0x204 build/stm32l4xx_hal_rcc_ex.o
 .debug_frame   0x0000000000000848       0xd0 build/stm32l4xx_hal_gpio.o
 .debug_frame   0x0000000000000918      0x2b8 build/stm32l4xx_hal_pwr_ex.o
 .debug_frame   0x0000000000000bd0      0x148 build/stm32l4xx_hal_cortex.o
 .debug_frame   0x0000000000000d18      0xb50 build/stm32l4xx_hal_tim.o
 .debug_frame   0x0000000000001868      0x470 build/stm32l4xx_hal_tim_ex.o
 .debug_frame   0x0000000000001cd8      0x600 build/stm32l4xx_hal_uart.o
 .debug_frame   0x00000000000022d8       0x70 build/list.o
 .debug_frame   0x0000000000002348      0x458 build/queue.o
 .debug_frame   0x00000000000027a0      0x688 build/tasks.o
 .debug_frame   0x0000000000002e28      0x30c build/timers.o
 .debug_frame   0x0000000000003134      0x900 build/cmsis_os2.o
 .debug_frame   0x0000000000003a34       0xd0 build/heap_4.o
 .debug_frame   0x0000000000003b04      0x110 build/port.o
 .debug_frame   0x0000000000003c14       0x28 build/user.o
 .debug_frame   0x0000000000003c3c       0x2c /root/Linux-Dev/Car-IV-Firmware/Tools/gcc-arm-none-eabi-10.3-2021.10/bin/../lib/gcc/arm-none-eabi/10.3.1/../../../../arm-none-eabi/lib/thumb/v7e-m+fp/hard/libc.a(lib_a-init.o)
 .debug_frame   0x0000000000003c68       0x2c /root/Linux-Dev/Car-IV-Firmware/Tools/gcc-arm-none-eabi-10.3-2021.10/bin/../lib/gcc/arm-none-eabi/10.3.1/../../../../arm-none-eabi/lib/thumb/v7e-m+fp/hard/libc.a(lib_a-memset.o)
 .debug_frame   0x0000000000003c94       0x68 /root/Linux-Dev/Car-IV-Firmware/Tools/gcc-arm-none-eabi-10.3-2021.10/bin/../lib/gcc/arm-none-eabi/10.3.1/../../../../arm-none-eabi/lib/thumb/v7e-m+fp/hard/libc.a(lib_a-__call_atexit.o)
 .debug_frame   0x0000000000003cfc       0x20 /root/Linux-Dev/Car-IV-Firmware/Tools/gcc-arm-none-eabi-10.3-2021.10/bin/../lib/gcc/arm-none-eabi/10.3.1/../../../../arm-none-eabi/lib/thumb/v7e-m+fp/hard/libc.a(lib_a-atexit.o)
 .debug_frame   0x0000000000003d1c       0x34 /root/Linux-Dev/Car-IV-Firmware/Tools/gcc-arm-none-eabi-10.3-2021.10/bin/../lib/gcc/arm-none-eabi/10.3.1/../../../../arm-none-eabi/lib/thumb/v7e-m+fp/hard/libc.a(lib_a-fini.o)
 .debug_frame   0x0000000000003d50       0xb0 /root/Linux-Dev/Car-IV-Firmware/Tools/gcc-arm-none-eabi-10.3-2021.10/bin/../lib/gcc/arm-none-eabi/10.3.1/../../../../arm-none-eabi/lib/thumb/v7e-m+fp/hard/libc.a(lib_a-lock.o)
 .debug_frame   0x0000000000003e00       0x34 /root/Linux-Dev/Car-IV-Firmware/Tools/gcc-arm-none-eabi-10.3-2021.10/bin/../lib/gcc/arm-none-eabi/10.3.1/../../../../arm-none-eabi/lib/thumb/v7e-m+fp/hard/libc.a(lib_a-__atexit.o)
 .debug_frame   0x0000000000003e34       0x2c /root/Linux-Dev/Car-IV-Firmware/Tools/gcc-arm-none-eabi-10.3-2021.10/bin/../lib/gcc/arm-none-eabi/10.3.1/thumb/v7e-m+fp/hard/libgcc.a(_aeabi_uldivmod.o)
 .debug_frame   0x0000000000003e60       0x34 /root/Linux-Dev/Car-IV-Firmware/Tools/gcc-arm-none-eabi-10.3-2021.10/bin/../lib/gcc/arm-none-eabi/10.3.1/thumb/v7e-m+fp/hard/libgcc.a(_udivmoddi4.o)
 .debug_frame   0x0000000000003e94      0x2d4 /root/Linux-Dev/Car-IV-Firmware/Tools/gcc-arm-none-eabi-10.3-2021.10/bin/../lib/gcc/arm-none-eabi/10.3.1/thumb/v7e-m+fp/hard/libgcc.a(unwind-arm.o)
 .debug_frame   0x0000000000004168      0x104 /root/Linux-Dev/Car-IV-Firmware/Tools/gcc-arm-none-eabi-10.3-2021.10/bin/../lib/gcc/arm-none-eabi/10.3.1/thumb/v7e-m+fp/hard/libgcc.a(pr-support.o)
 .debug_frame   0x000000000000426c       0x28 /root/Linux-Dev/Car-IV-Firmware/Tools/gcc-arm-none-eabi-10.3-2021.10/bin/../lib/gcc/arm-none-eabi/10.3.1/../../../../arm-none-eabi/lib/thumb/v7e-m+fp/hard/libc.a(lib_a-abort.o)
 .debug_frame   0x0000000000004294      0x114 /root/Linux-Dev/Car-IV-Firmware/Tools/gcc-arm-none-eabi-10.3-2021.10/bin/../lib/gcc/arm-none-eabi/10.3.1/../../../../arm-none-eabi/lib/thumb/v7e-m+fp/hard/libc.a(lib_a-signal.o)
 .debug_frame   0x00000000000043a8       0x3c /root/Linux-Dev/Car-IV-Firmware/Tools/gcc-arm-none-eabi-10.3-2021.10/bin/../lib/gcc/arm-none-eabi/10.3.1/../../../../arm-none-eabi/lib/thumb/v7e-m+fp/hard/libc.a(lib_a-signalr.o)
 .debug_frame   0x00000000000043e4       0x64 /root/Linux-Dev/Car-IV-Firmware/Tools/gcc-arm-none-eabi-10.3-2021.10/bin/../lib/gcc/arm-none-eabi/10.3.1/../../../../arm-none-eabi/lib/thumb/v7e-m+fp/hard/libc.a(lib_a-reent.o)
 .debug_frame   0x0000000000004448       0x20 /root/Linux-Dev/Car-IV-Firmware/Tools/gcc-arm-none-eabi-10.3-2021.10/bin/../lib/gcc/arm-none-eabi/10.3.1/../../../../arm-none-eabi/lib/thumb/v7e-m+fp/hard/libnosys.a(getpid.o)
 .debug_frame   0x0000000000004468       0x20 /root/Linux-Dev/Car-IV-Firmware/Tools/gcc-arm-none-eabi-10.3-2021.10/bin/../lib/gcc/arm-none-eabi/10.3.1/../../../../arm-none-eabi/lib/thumb/v7e-m+fp/hard/libnosys.a(kill.o)
 .debug_frame   0x0000000000004488       0x20 /root/Linux-Dev/Car-IV-Firmware/Tools/gcc-arm-none-eabi-10.3-2021.10/bin/../lib/gcc/arm-none-eabi/10.3.1/../../../../arm-none-eabi/lib/thumb/v7e-m+fp/hard/libnosys.a(_exit.o)

.stab           0x0000000000000000       0x3c
 .stab          0x0000000000000000       0x24 /root/Linux-Dev/Car-IV-Firmware/Tools/gcc-arm-none-eabi-10.3-2021.10/bin/../lib/gcc/arm-none-eabi/10.3.1/../../../../arm-none-eabi/lib/thumb/v7e-m+fp/hard/libnosys.a(getpid.o)
 .stab          0x0000000000000024       0x18 /root/Linux-Dev/Car-IV-Firmware/Tools/gcc-arm-none-eabi-10.3-2021.10/bin/../lib/gcc/arm-none-eabi/10.3.1/../../../../arm-none-eabi/lib/thumb/v7e-m+fp/hard/libnosys.a(kill.o)
                                         0x24 (size before relaxing)

.stabstr        0x0000000000000000       0x76
 .stabstr       0x0000000000000000       0x76 /root/Linux-Dev/Car-IV-Firmware/Tools/gcc-arm-none-eabi-10.3-2021.10/bin/../lib/gcc/arm-none-eabi/10.3.1/../../../../arm-none-eabi/lib/thumb/v7e-m+fp/hard/libnosys.a(getpid.o)

Cross Reference Table

Symbol                                            File
ADC1_2_IRQHandler                                 build/startup_stm32l476xx.o
ADC3_IRQHandler                                   build/startup_stm32l476xx.o
AHBPrescTable                                     build/system_stm32l4xx.o
                                                  build/stm32l4xx_hal_rcc.o
APBPrescTable                                     build/system_stm32l4xx.o
                                                  build/stm32l4xx_hal_rcc.o
BusFault_Handler                                  build/stm32l4xx_it.o
CAN1_RX0_IRQHandler                               build/startup_stm32l476xx.o
CAN1_RX1_IRQHandler                               build/startup_stm32l476xx.o
CAN1_SCE_IRQHandler                               build/startup_stm32l476xx.o
CAN1_TX_IRQHandler                                build/startup_stm32l476xx.o
COMP_IRQHandler                                   build/startup_stm32l476xx.o
CPP_UserSetup                                     build/user.o
                                                  build/main.o
DFSDM1_FLT0_IRQHandler                            build/startup_stm32l476xx.o
DFSDM1_FLT1_IRQHandler                            build/startup_stm32l476xx.o
DFSDM1_FLT2_IRQHandler                            build/startup_stm32l476xx.o
DFSDM1_FLT3_IRQHandler                            build/startup_stm32l476xx.o
DMA1_Channel1_IRQHandler                          build/startup_stm32l476xx.o
DMA1_Channel2_IRQHandler                          build/startup_stm32l476xx.o
DMA1_Channel3_IRQHandler                          build/startup_stm32l476xx.o
DMA1_Channel4_IRQHandler                          build/startup_stm32l476xx.o
DMA1_Channel5_IRQHandler                          build/startup_stm32l476xx.o
DMA1_Channel6_IRQHandler                          build/startup_stm32l476xx.o
DMA1_Channel7_IRQHandler                          build/startup_stm32l476xx.o
DMA2_Channel1_IRQHandler                          build/startup_stm32l476xx.o
DMA2_Channel2_IRQHandler                          build/startup_stm32l476xx.o
DMA2_Channel3_IRQHandler                          build/startup_stm32l476xx.o
DMA2_Channel4_IRQHandler                          build/startup_stm32l476xx.o
DMA2_Channel5_IRQHandler                          build/startup_stm32l476xx.o
DMA2_Channel6_IRQHandler                          build/startup_stm32l476xx.o
DMA2_Channel7_IRQHandler                          build/startup_stm32l476xx.o
DebugMon_Handler                                  build/stm32l4xx_it.o
Default_Handler                                   build/startup_stm32l476xx.o
EXTI0_IRQHandler                                  build/startup_stm32l476xx.o
EXTI15_10_IRQHandler                              build/startup_stm32l476xx.o
EXTI1_IRQHandler                                  build/startup_stm32l476xx.o
EXTI2_IRQHandler                                  build/startup_stm32l476xx.o
EXTI3_IRQHandler                                  build/startup_stm32l476xx.o
EXTI4_IRQHandler                                  build/startup_stm32l476xx.o
EXTI9_5_IRQHandler                                build/startup_stm32l476xx.o
Error_Handler                                     build/main.o
                                                  build/stm32l4xx_hal_msp.o
FLASH_FlushCaches                                 build/stm32l4xx_hal_flash_ex.o
                                                  build/stm32l4xx_hal_flash.o
FLASH_IRQHandler                                  build/startup_stm32l476xx.o
FLASH_PageErase                                   build/stm32l4xx_hal_flash_ex.o
                                                  build/stm32l4xx_hal_flash.o
FLASH_WaitForLastOperation                        build/stm32l4xx_hal_flash.o
                                                  build/stm32l4xx_hal_flash_ex.o
FMC_IRQHandler                                    build/startup_stm32l476xx.o
FPU_IRQHandler                                    build/startup_stm32l476xx.o
HAL_DBGMCU_DisableDBGSleepMode                    build/stm32l4xx_hal.o
HAL_DBGMCU_DisableDBGStandbyMode                  build/stm32l4xx_hal.o
HAL_DBGMCU_DisableDBGStopMode                     build/stm32l4xx_hal.o
HAL_DBGMCU_EnableDBGSleepMode                     build/stm32l4xx_hal.o
HAL_DBGMCU_EnableDBGStandbyMode                   build/stm32l4xx_hal.o
HAL_DBGMCU_EnableDBGStopMode                      build/stm32l4xx_hal.o
HAL_DMA_Abort                                     build/stm32l4xx_hal_dma.o
                                                  build/stm32l4xx_hal_uart.o
HAL_DMA_Abort_IT                                  build/stm32l4xx_hal_dma.o
                                                  build/stm32l4xx_hal_uart.o
                                                  build/stm32l4xx_hal_tim_ex.o
                                                  build/stm32l4xx_hal_tim.o
HAL_DMA_DeInit                                    build/stm32l4xx_hal_dma.o
HAL_DMA_GetError                                  build/stm32l4xx_hal_dma.o
                                                  build/stm32l4xx_hal_uart.o
HAL_DMA_GetState                                  build/stm32l4xx_hal_dma.o
HAL_DMA_IRQHandler                                build/stm32l4xx_hal_dma.o
HAL_DMA_Init                                      build/stm32l4xx_hal_dma.o
HAL_DMA_PollForTransfer                           build/stm32l4xx_hal_dma.o
HAL_DMA_RegisterCallback                          build/stm32l4xx_hal_dma.o
HAL_DMA_Start                                     build/stm32l4xx_hal_dma.o
HAL_DMA_Start_IT                                  build/stm32l4xx_hal_dma.o
                                                  build/stm32l4xx_hal_uart.o
                                                  build/stm32l4xx_hal_tim_ex.o
                                                  build/stm32l4xx_hal_tim.o
HAL_DMA_UnRegisterCallback                        build/stm32l4xx_hal_dma.o
HAL_DeInit                                        build/stm32l4xx_hal.o
HAL_Delay                                         build/stm32l4xx_hal.o
                                                  build/user.o
HAL_EXTI_ClearConfigLine                          build/stm32l4xx_hal_exti.o
HAL_EXTI_ClearPending                             build/stm32l4xx_hal_exti.o
HAL_EXTI_GenerateSWI                              build/stm32l4xx_hal_exti.o
HAL_EXTI_GetConfigLine                            build/stm32l4xx_hal_exti.o
HAL_EXTI_GetHandle                                build/stm32l4xx_hal_exti.o
HAL_EXTI_GetPending                               build/stm32l4xx_hal_exti.o
HAL_EXTI_IRQHandler                               build/stm32l4xx_hal_exti.o
HAL_EXTI_RegisterCallback                         build/stm32l4xx_hal_exti.o
HAL_EXTI_SetConfigLine                            build/stm32l4xx_hal_exti.o
HAL_FLASHEx_DisableRunPowerDown                   build/stm32l4xx_hal_flash_ramfunc.o
HAL_FLASHEx_EnableRunPowerDown                    build/stm32l4xx_hal_flash_ramfunc.o
HAL_FLASHEx_Erase                                 build/stm32l4xx_hal_flash_ex.o
HAL_FLASHEx_Erase_IT                              build/stm32l4xx_hal_flash_ex.o
HAL_FLASHEx_OBGetConfig                           build/stm32l4xx_hal_flash_ex.o
HAL_FLASHEx_OBProgram                             build/stm32l4xx_hal_flash_ex.o
HAL_FLASH_EndOfOperationCallback                  build/stm32l4xx_hal_flash.o
HAL_FLASH_GetError                                build/stm32l4xx_hal_flash.o
HAL_FLASH_IRQHandler                              build/stm32l4xx_hal_flash.o
HAL_FLASH_Lock                                    build/stm32l4xx_hal_flash.o
HAL_FLASH_OB_Launch                               build/stm32l4xx_hal_flash.o
HAL_FLASH_OB_Lock                                 build/stm32l4xx_hal_flash.o
HAL_FLASH_OB_Unlock                               build/stm32l4xx_hal_flash.o
HAL_FLASH_OperationErrorCallback                  build/stm32l4xx_hal_flash.o
HAL_FLASH_Program                                 build/stm32l4xx_hal_flash.o
HAL_FLASH_Program_IT                              build/stm32l4xx_hal_flash.o
HAL_FLASH_Unlock                                  build/stm32l4xx_hal_flash.o
HAL_GPIO_DeInit                                   build/stm32l4xx_hal_gpio.o
                                                  build/stm32l4xx_hal_msp.o
HAL_GPIO_EXTI_Callback                            build/stm32l4xx_hal_gpio.o
HAL_GPIO_EXTI_IRQHandler                          build/stm32l4xx_hal_gpio.o
HAL_GPIO_Init                                     build/stm32l4xx_hal_gpio.o
                                                  build/stm32l4xx_hal_rcc_ex.o
                                                  build/stm32l4xx_hal_rcc.o
                                                  build/stm32l4xx_hal_msp.o
                                                  build/main.o
HAL_GPIO_LockPin                                  build/stm32l4xx_hal_gpio.o
HAL_GPIO_ReadPin                                  build/stm32l4xx_hal_gpio.o
HAL_GPIO_TogglePin                                build/stm32l4xx_hal_gpio.o
                                                  build/user.o
HAL_GPIO_WritePin                                 build/stm32l4xx_hal_gpio.o
                                                  build/main.o
HAL_GetDEVID                                      build/stm32l4xx_hal.o
HAL_GetHalVersion                                 build/stm32l4xx_hal.o
HAL_GetREVID                                      build/stm32l4xx_hal.o
HAL_GetTick                                       build/stm32l4xx_hal.o
                                                  build/stm32l4xx_hal_uart_ex.o
                                                  build/stm32l4xx_hal_uart.o
                                                  build/stm32l4xx_hal_dma.o